[     619ms] [ERROR] Failed to load resource: the server responded with a status of 404 () @ https://www.invesco.com/hk/en/investment-products/fund-list.html:0
[     668ms] [WARNING] 🚀 container.buildInfo.environment is deprecated.Please use `container.environment.stage` instead @ https://assets.adobedtm.com/launch-ENc74b4248e1c94e45a6087e72b4ac703e.min.js:16
[     688ms] [ERROR] Failed to load resource: net::ERR_CONNECTION_REFUSED @ https://dpm.demdex.net/id?d_visid_ver=5.4.0&d_fieldgroup=AAM&d_rtbd=json&d_ver=2&d_orgid=74A7357B5B92A3FC0A495C6B%40AdobeOrg&d_nsid=0&d_mid=92069412260776194675245655537087117318&ts=1785223518306:0
[     787ms] [ERROR] Failed to load resource: net::ERR_CONNECTION_REFUSED @ https://px.ads.linkedin.com/collect?v=2&fmt=js&pid=98348&time=1785223518426&li_adsId=d4862d43-95f5-4085-a60b-ff97d1f91a39&url=https%3A%2F%2Fwww.invesco.com%2Fhk%2Fen%2Finvestment-products%2Ffund-list.html:0
[     790ms] [ERROR] Failed to load resource: net::ERR_CONNECTION_REFUSED @ https://rum.hlx.page/.rum/@adobe/helix-rum-js@%5E2/dist/micro.js:0
[     809ms] [ERROR] Failed to load resource: net::ERR_CONNECTION_REFUSED @ https://px.ads.linkedin.com/wa/?medium=fetch&fmt=g:0
[     854ms] [ERROR] Failed to load resource: net::ERR_CONNECTION_REFUSED @ https://px.ads.linkedin.com/insight_tag_errors.gif?v=2&pid=98348&error=version%3A%201000005%20%7C%20WebsiteActions-1000005-TypeError%3A%20Failed%20to%20fetch%3B%20ErrorData%3A%20%7B%22domain%22%3A%22invesco.com%22%2C%22requestFetcher%22%3A%22fetch-keepalive%22%2C%22body%22%3A%22H4sIAAAAAAAAA02PzWrDMBCEXyXs2YplR%2F7TLYc2GHoITcillKJI60REllVr3VJC3r04gdK5zc7y7c4VgjUR5FtTr0T9nkDUow10wDHawYPM%2BKwiAbI9gsyqusjzVZHVIq8TMEOvrAcJ1n9h1MNSDz0kMI0OJJyJQpRp%2Bi9Lz5cU%2FWNCPXpiYRzMpCmm3eQNczbS8ky9gwS%2B8Rgt4c6evHKv%2BDlhpNaABN6gEpyvWGmaI8sbrBgqoVmW6dI0mGleGUjAxv2ofHSK0IDslIuYgLPP6kGB2Wys8vQwvY0a5BVCPO5IEYJk4jZTXqy%2FoGn9OoQ%2FTFAn3FtyCBIEFwu22KoTLvxAi26Y%2FHz%2BjD1IPzmXQLxX2P%2BEeX273jx9HNpdu4cHp%2FWRlNd4%2F0oXTc2LUrCi6nJWdSJnq6IoWaOM4l3Jc8E53H4BIV3zzLUBAAA%3D%22%7D&href=https%3A%2F%2Fwww.invesco.com%2Fhk%2Fen%2Finvestment-products%2Ffund-list.html:0
[     854ms] [ERROR] Failed to load resource: net::ERR_CONNECTION_REFUSED @ https://px.ads.linkedin.com/wa/?medium=beacon&fmt=g:0
[     857ms] [ERROR] Failed to load resource: net::ERR_CONNECTION_REFUSED @ https://www.google-analytics.com/analytics.js:0
[     891ms] [ERROR] Access to XMLHttpRequest at 'https://geolocation.onetrust.com/cookieconsentpub/v1/geo/location' from origin 'https://www.invesco.com' has been blocked by CORS policy: No 'Access-Control-Allow-Origin' header is present on the requested resource. @ https://www.invesco.com/hk/en/investment-products/fund-list.html:0
[     892ms] [ERROR] Failed to load resource: net::ERR_FAILED @ https://geolocation.onetrust.com/cookieconsentpub/v1/geo/location:0
[     920ms] [ERROR] Failed to load resource: net::ERR_CONNECTION_REFUSED @ https://googleads.g.doubleclick.net/pagead/viewthroughconversion/738580156/?random=1785223518544&cv=11&fst=1785223518544&bg=ffffff&guid=ON&async=1&en=gtag.config&gtm=45be67o1v898659413za200zd898659413xec&gcd=13l3l3l3l1l1&dma=0&tag_exp=115616985~115938466~115938469~117227716~118897920~118897930~119896803&u_w=800&u_h=600&url=https%3A%2F%2Fwww.invesco.com%2Fhk%2Fen%2Finvestment-products%2Ffund-list.html&rcb=13&frm=0&tiba=404%20-%20Page%20not%20found&hn=www.googleadservices.com&npa=0&pscdl=noapi&auid=1128599009.1785223497&data=event%3Dgtag.config&ept=9&rfmt=3&fmt=4:0
[     984ms] [ERROR] Failed to load resource: net::ERR_CONNECTION_REFUSED @ https://googleads.g.doubleclick.net/pagead/viewthroughconversion/738580156/?random=1785223518544&cv=11&fst=1785223518544&fmt=3&bg=ffffff&guid=ON&async=1&en=gtag.config&gtm=45be67o1v898659413za200zd898659413xec&gcd=13n3n3n3n5l1&dma=0&tag_exp=115616985~115938466~115938469~117227716~118897920~118897930~119896803&u_w=800&u_h=600&url=https%3A%2F%2Fwww.invesco.com%2Fhk%2Fen%2Finvestment-products%2Ffund-list.html&rcb=13&frm=0&tiba=404%20-%20Page%20not%20found&hn=www.googleadservices.com&npa=0&pscdl=noapi&auid=1128599009.1785223497&data=event%3Dgtag.config&ept=9:0
[    1010ms] [ERROR] Failed to load resource: net::ERR_CONNECTION_REFUSED @ https://googleads.g.doubleclick.net/pagead/viewthroughconversion/404092237/?random=1785223518635&cv=11&fst=1785223518635&bg=ffffff&guid=ON&async=1&en=gtag.config&gtm=45be67o1v9209797791za200zd9209797791xec&gcd=13n3n3n3n5l1&dma=0&tag_exp=115938466~115938469~117227716~118897920~118897930~119896802&u_w=800&u_h=600&url=https%3A%2F%2Fwww.invesco.com%2Fhk%2Fen%2Finvestment-products%2Ffund-list.html&rcb=12&frm=0&tiba=404%20-%20Page%20not%20found&did=dYWJhMj&gdid=dYWJhMj&hn=www.googleadservices.com&npa=0&pscdl=noapi&auid=1128599009.1785223497&uaa=x86&uab=64&uafvl=Not%253BA%253DBrand%3B8.0.0.0%7CChromium%3B150.0.7871.186%7CGoogle%2520Chrome%3B150.0.7871.186&uamb=0&uam=&uap=Linux&uapv=&uaw=0&data=event%3Dgtag.config&ept=9&rfmt=3&fmt=4:0
[    1037ms] [ERROR] Failed to load resource: net::ERR_CONNECTION_REFUSED @ https://dpm.demdex.net/id?d_visid_ver=5.4.0&d_fieldgroup=AAM&d_rtbd=json&d_ver=2&d_orgid=74A7357B5B92A3FC0A495C6B%40AdobeOrg&d_nsid=0&d_mid=92069412260776194675245655537087117318&ts=1785223518674:0
[    1038ms] [ERROR] Failed to load resource: net::ERR_CONNECTION_REFUSED @ https://googleads.g.doubleclick.net/pagead/viewthroughconversion/404092237/?random=1785223518635&cv=11&fst=1785223518635&fmt=3&bg=ffffff&guid=ON&async=1&en=gtag.config&gtm=45be67o1v9209797791za200zd9209797791xec&gcd=13n3n3n3n5l1&dma=0&tag_exp=115938466~115938469~117227716~118897920~118897930~119896802&u_w=800&u_h=600&url=https%3A%2F%2Fwww.invesco.com%2Fhk%2Fen%2Finvestment-products%2Ffund-list.html&rcb=12&frm=0&tiba=404%20-%20Page%20not%20found&did=dYWJhMj&gdid=dYWJhMj&hn=www.googleadservices.com&npa=0&pscdl=noapi&auid=1128599009.1785223497&uaa=x86&uab=64&uafvl=Not%253BA%253DBrand%3B8.0.0.0%7CChromium%3B150.0.7871.186%7CGoogle%2520Chrome%3B150.0.7871.186&uamb=0&uam=&uap=Linux&uapv=&uaw=0&data=event%3Dgtag.config&ept=9:0
[    1169ms] [ERROR] Failed to load resource: net::ERR_CONNECTION_REFUSED @ https://cdn.decibelinsight.net/i/13991/599954/di.js:0
[    1334ms] [LOG]  @ https://assets.adobedtm.com/launch-ENc74b4248e1c94e45a6087e72b4ac703e.min.js:10
[    1334ms] [LOG] inside oms if @ https://assets.adobedtm.com/launch-ENc74b4248e1c94e45a6087e72b4ac703e.min.js:10
[    1334ms] [LOG] ttchecktt== @ https://assets.adobedtm.com/launch-ENc74b4248e1c94e45a6087e72b4ac703e.min.js:10
[    1335ms] [LOG] search console add @ https://assets.adobedtm.com/launch-ENc74b4248e1c94e45a6087e72b4ac703e.min.js:10
[    1340ms] [ERROR] Failed to load resource: net::ERR_CONNECTION_REFUSED @ https://js-agent.newrelic.com/nr-spa-1.263.0.min.js:0
[    1342ms] [ERROR] Failed to load resource: net::ERR_CONNECTION_REFUSED @ https://dpm.demdex.net/id?d_visid_ver=5.4.0&d_fieldgroup=AAM&d_rtbd=json&d_ver=2&d_orgid=74A7357B5B92A3FC0A495C6B%40AdobeOrg&d_nsid=0&d_mid=92069412260776194675245655537087117318&ts=1785223518976:0
[    1344ms] [ERROR] Failed to load resource: net::ERR_CONNECTION_REFUSED @ https://dpm.demdex.net/optOutStatus?d_visid_ver=5.4.0&d_rtbd=json&d_ver=2&d_orgid=74A7357B5B92A3FC0A495C6B%40AdobeOrg&d_nsid=0&d_mid=92069412260776194675245655537087117318&ts=1785223518977:0
[    1357ms] [ERROR] Failed to load resource: net::ERR_CONNECTION_REFUSED @ https://js-agent.newrelic.com/nr-spa-1.263.0.min.js:0
[    1520ms] [ERROR] Failed to load resource: the server responded with a status of 404 () @ https://www.invesco.com/hk/en/investment-products/fund-list.model.json:0
[    1520ms] [WARNING] caught {response: Response} @ https://www.invesco.com/etc.clientlibs/invesco/clientlibs/qqq-checkout/clientlib-react/resources/assets/vendor-adobe-B3DekM2T.js:4
[    1520ms] TypeError: Cannot read properties of undefined (reading ':children')
    at https://www.invesco.com/etc.clientlibs/invesco/clientlibs/qqq-checkout/clientlib-react/resources/assets/index.Cv90YuZD.js:109:25702
    at nrWrapper (https://www.invesco.com/hk/en/investment-products/fund-list.html:10:24786)
[    1577ms] Uncaught ReferenceError: getIP is not defined
    at <anonymous> (https://api.ipify.org/?format=jsonp&callback=getIP:0:0)
[    5258ms] [WARNING] The resource https://www.invesco.com/etc.clientlibs/invesco/clientlib-global/clientlib/resources/InvescoEditor-Regular.woff2 was preloaded using link preload but not used within a few seconds from the window's load event. Please make sure it has an appropriate `as` value and it is preloaded intentionally. @ https://www.invesco.com/hk/en/investment-products/fund-list.html:0
[    6194ms] [ERROR] Failed to load resource: net::ERR_CONNECTION_REFUSED @ https://analytics.google.com/g/collect?v=2&tid=G-BM92Z420P6&gtm=45je67o1v9130021411z89130153127za20gzb9130153127zd9130153127&_p=1785223518395&gcs=G111&gcd=13n3n3n3n5l1&npa=0&dma=0&_eu=EAAAAGQC&_ng=1&are=1&cid=865550144.1785223499&frm=0&ir=1&pscdl=noapi&rcb=1&sr=800x600&uaa=x86&uab=64&uafvl=Not%253BA%253DBrand%3B8.0.0.0%7CChromium%3B150.0.7871.186%7CGoogle%2520Chrome%3B150.0.7871.186&uam=&uamb=0&uap=Linux&uapv=&uaw=0&ul=en-us&gaf=2&_s=1&tag_exp=115616986~115938466~115938468~118395334~118897920~118897930~119896802&sid=1785223498&sct=1&seg=1&dl=https%3A%2F%2Fwww.invesco.com%2Fhk%2Fen%2Finvestment-products%2Ffund-list.html&dt=404%20-%20Page%20not%20found&en=page_view&tfd=6029:0
