[     626ms] [ERROR] Failed to load resource: the server responded with a status of 404 () @ https://www.invesco.com/hk/en/investment-products/ucits-funds.html:0
[     665ms] [WARNING] 🚀 container.buildInfo.environment is deprecated.Please use `container.environment.stage` instead @ https://assets.adobedtm.com/launch-ENc74b4248e1c94e45a6087e72b4ac703e.min.js:16
[     806ms] [ERROR] Failed to load resource: net::ERR_CONNECTION_REFUSED @ https://rum.hlx.page/.rum/@adobe/helix-rum-js@%5E2/dist/micro.js:0
[     830ms] [ERROR] Failed to load resource: net::ERR_CONNECTION_REFUSED @ https://dpm.demdex.net/id?d_visid_ver=5.4.0&d_fieldgroup=AAM&d_rtbd=json&d_ver=2&d_orgid=74A7357B5B92A3FC0A495C6B%40AdobeOrg&d_nsid=0&d_mid=92069412260776194675245655537087117318&ts=1785223524680:0
[     856ms] [ERROR] Failed to load resource: net::ERR_CONNECTION_REFUSED @ https://px.ads.linkedin.com/collect?v=2&fmt=js&pid=98348&time=1785223524848&li_adsId=d4862d43-95f5-4085-a60b-ff97d1f91a39&url=https%3A%2F%2Fwww.invesco.com%2Fhk%2Fen%2Finvestment-products%2Fucits-funds.html:0
[     902ms] [ERROR] Failed to load resource: net::ERR_CONNECTION_REFUSED @ https://px.ads.linkedin.com/wa/?medium=fetch&fmt=g:0
[     907ms] [ERROR] Failed to load resource: net::ERR_CONNECTION_REFUSED @ https://px.ads.linkedin.com/insight_tag_errors.gif?v=2&pid=98348&error=version%3A%201000005%20%7C%20WebsiteActions-1000005-TypeError%3A%20Failed%20to%20fetch%3B%20ErrorData%3A%20%7B%22domain%22%3A%22invesco.com%22%2C%22requestFetcher%22%3A%22fetch-keepalive%22%2C%22body%22%3A%22H4sIAAAAAAAAA02PQU%2FDMAyF%2F8rkc0PbLFlLbhwAVeKA2LQLQiht3C0iTUPtgtC0%2F466SYh3e37WZ78TJO8IzOttvVb1WwbUTT7xHifyYwRTFot0BuwHBFNWtZZyraWqK52BGwfrIxjw8QupG2%2B6cYAM5imAgSNzIpPn%2F7L8%2BJFjvE54wMgiTaObO6Z87jyT6Ofo6ObIQ4AMvrElz7j1h2jDC37OSNw4MKBVWRV9gcKqjRNrJTvRt1UrirLWdVH1zrUOMvC0m2ykYBkdmN4GwgyCf7BXCizm0dvIVzN46sCcIFG7ZcsIRqjzQnny8QNdE%2B9S%2BsMke8Cd54BgQBVqJVbP9oCrOPKqH%2Be4nD%2FiACbOIWRAlwq7n7SsP9893r%2Fvm22zgyunicQ2dnj5qsZCKlWg6HVdiY3a3IoKSyWskrLtN1JXUsP5F13XifG3AQAA%22%7D&href=https%3A%2F%2Fwww.invesco.com%2Fhk%2Fen%2Finvestment-products%2Fucits-funds.html:0
[     908ms] [ERROR] Failed to load resource: net::ERR_CONNECTION_REFUSED @ https://px.ads.linkedin.com/wa/?medium=beacon&fmt=g:0
[    1182ms] [ERROR] Failed to load resource: net::ERR_CONNECTION_REFUSED @ https://www.google-analytics.com/analytics.js:0
[    1183ms] [ERROR] Failed to load resource: net::ERR_CONNECTION_REFUSED @ https://googleads.g.doubleclick.net/pagead/viewthroughconversion/404092237/?random=1785223524952&cv=11&fst=1785223524952&bg=ffffff&guid=ON&async=1&en=gtag.config&gtm=45be67o1v9209797791za200zd9209797791xec&gcd=13n3n3n3n5l1&dma=0&tag_exp=115938465~115938468~117227716~118897920~118897930~119896803~120125304&u_w=800&u_h=600&url=https%3A%2F%2Fwww.invesco.com%2Fhk%2Fen%2Finvestment-products%2Fucits-funds.html&rcb=17&frm=0&tiba=404%20-%20Page%20not%20found&did=dYWJhMj&gdid=dYWJhMj&hn=www.googleadservices.com&npa=0&pscdl=noapi&auid=1128599009.1785223497&uaa=x86&uab=64&uafvl=Not%253BA%253DBrand%3B8.0.0.0%7CChromium%3B150.0.7871.186%7CGoogle%2520Chrome%3B150.0.7871.186&uamb=0&uam=&uap=Linux&uapv=&uaw=0&data=event%3Dgtag.config&ept=9&rfmt=3&fmt=4:0
[    1183ms] [ERROR] Failed to load resource: net::ERR_CONNECTION_REFUSED @ https://googleads.g.doubleclick.net/pagead/viewthroughconversion/738580156/?random=1785223524859&cv=11&fst=1785223524859&bg=ffffff&guid=ON&async=1&en=gtag.config&gtm=45be67o1v898659413za200zd898659413xec&gcd=13n3n3n3n5l1&dma=0&tag_exp=115938465~115938468~117227716~118395335~118897920~118897930~119896803&u_w=800&u_h=600&url=https%3A%2F%2Fwww.invesco.com%2Fhk%2Fen%2Finvestment-products%2Fucits-funds.html&rcb=16&frm=0&tiba=404%20-%20Page%20not%20found&did=dYWJhMj&gdid=dYWJhMj&hn=www.googleadservices.com&npa=0&pscdl=noapi&auid=1128599009.1785223497&data=event%3Dgtag.config&ept=9&rfmt=3&fmt=4:0
[    1184ms] [ERROR] Failed to load resource: net::ERR_CONNECTION_REFUSED @ https://googleads.g.doubleclick.net/pagead/viewthroughconversion/404092237/?random=1785223524952&cv=11&fst=1785223524952&fmt=3&bg=ffffff&guid=ON&async=1&en=gtag.config&gtm=45be67o1v9209797791za200zd9209797791xec&gcd=13n3n3n3n5l1&dma=0&tag_exp=115938465~115938468~117227716~118897920~118897930~119896803~120125304&u_w=800&u_h=600&url=https%3A%2F%2Fwww.invesco.com%2Fhk%2Fen%2Finvestment-products%2Fucits-funds.html&rcb=17&frm=0&tiba=404%20-%20Page%20not%20found&did=dYWJhMj&gdid=dYWJhMj&hn=www.googleadservices.com&npa=0&pscdl=noapi&auid=1128599009.1785223497&uaa=x86&uab=64&uafvl=Not%253BA%253DBrand%3B8.0.0.0%7CChromium%3B150.0.7871.186%7CGoogle%2520Chrome%3B150.0.7871.186&uamb=0&uam=&uap=Linux&uapv=&uaw=0&data=event%3Dgtag.config&ept=9:0
[    1184ms] [ERROR] Failed to load resource: net::ERR_CONNECTION_REFUSED @ https://googleads.g.doubleclick.net/pagead/viewthroughconversion/738580156/?random=1785223524859&cv=11&fst=1785223524859&fmt=3&bg=ffffff&guid=ON&async=1&en=gtag.config&gtm=45be67o1v898659413za200zd898659413xec&gcd=13n3n3n3n5l1&dma=0&tag_exp=115938465~115938468~117227716~118395335~118897920~118897930~119896803&u_w=800&u_h=600&url=https%3A%2F%2Fwww.invesco.com%2Fhk%2Fen%2Finvestment-products%2Fucits-funds.html&rcb=16&frm=0&tiba=404%20-%20Page%20not%20found&did=dYWJhMj&gdid=dYWJhMj&hn=www.googleadservices.com&npa=0&pscdl=noapi&auid=1128599009.1785223497&data=event%3Dgtag.config&ept=9:0
[    1452ms] [ERROR] Failed to load resource: net::ERR_CONNECTION_REFUSED @ https://cdn.decibelinsight.net/i/13991/599954/di.js:0
[    1557ms] [ERROR] Failed to load resource: the server responded with a status of 404 () @ https://www.invesco.com/hk/en/investment-products/ucits-funds.model.json:0
[    1557ms] [WARNING] caught {response: Response} @ https://www.invesco.com/etc.clientlibs/invesco/clientlibs/qqq-checkout/clientlib-react/resources/assets/vendor-adobe-B3DekM2T.js:4
[    1557ms] TypeError: Unhandled Promise Rejection: Cannot read properties of undefined (reading ':children')
    at https://www.invesco.com/etc.clientlibs/invesco/clientlibs/qqq-checkout/clientlib-react/resources/assets/index.Cv90YuZD.js:109:25702
    at nrWrapper (https://www.invesco.com/hk/en/investment-products/ucits-funds.html:10:24786)
[    1622ms] [ERROR] Failed to load resource: net::ERR_CONNECTION_REFUSED @ https://js-agent.newrelic.com/nr-spa-1.263.0.min.js:0
[    1626ms] [ERROR] Failed to load resource: net::ERR_CONNECTION_REFUSED @ https://js-agent.newrelic.com/nr-spa-1.263.0.min.js:0
[    1732ms] [LOG]  @ https://assets.adobedtm.com/launch-ENc74b4248e1c94e45a6087e72b4ac703e.min.js:10
[    1732ms] [LOG] inside oms if @ https://assets.adobedtm.com/launch-ENc74b4248e1c94e45a6087e72b4ac703e.min.js:10
[    1732ms] [LOG] ttchecktt== @ https://assets.adobedtm.com/launch-ENc74b4248e1c94e45a6087e72b4ac703e.min.js:10
[    1733ms] [LOG] search console add @ https://assets.adobedtm.com/launch-ENc74b4248e1c94e45a6087e72b4ac703e.min.js:10
[    1744ms] [ERROR] Failed to load resource: net::ERR_CONNECTION_REFUSED @ https://dpm.demdex.net/id?d_visid_ver=5.4.0&d_fieldgroup=AAM&d_rtbd=json&d_ver=2&d_orgid=74A7357B5B92A3FC0A495C6B%40AdobeOrg&d_nsid=0&d_mid=92069412260776194675245655537087117318&ts=1785223525751:0
[    2139ms] Uncaught ReferenceError: getIP is not defined
    at <anonymous> (https://api.ipify.org/?format=jsonp&callback=getIP:0:0)
