[     364ms] [WARNING] DEPRECATED: DI is instantiating a token "Ui" that inherits its @Injectable decorator but does not provide one itself.
This will become an error in a future version of Angular. Please add @Injectable() to the "Ui" class. @ https://www.franklintempleton.com.hk/vendor.f8508967efda686c40e6.js:0
[     915ms] [ERROR] FundApiInterceptor: fund API error while getting pds-graphql:  https://www.franklintempleton.com.hk/api/pds/price-and-performance?op=Labels&id=1 request variables:  {countrycode: HK, languagecode: en_GB} browser online: true err: H @ https://www.franklintempleton.com.hk/main.e8a2a4e8cc4e9a6b3aea.js:0
[     917ms] [ERROR] Failed to load resource: net::ERR_NETWORK_CHANGED @ https://www.franklintempleton.com.hk/api/pds/price-and-performance?op=Labels&id=1:0
[    2601ms] [ERROR] FundApiInterceptor: fund API error while getting pds-graphql:  https://www.franklintempleton.com.hk/api/pds/price-and-performance?op=TopTenHoldings&id=7 request variables:  {countrycode: HK, languagecode: en_GB, fundid: 4913} browser online: true err: H @ https://www.franklintempleton.com.hk/main.e8a2a4e8cc4e9a6b3aea.js:0
[    2602ms] [ERROR] Failed to load resource: net::ERR_NETWORK_CHANGED @ https://www.franklintempleton.com.hk/api/pds/price-and-performance?op=TopTenHoldings&id=7:0
[    2604ms] [ERROR] Failed to load resource: net::ERR_NETWORK_CHANGED @ https://www.franklintempleton.com.hk/api/caveat:0
[    2605ms] [ERROR] FundApiInterceptor: fund API error while getting pds-graphql:  https://www.franklintempleton.com.hk/api/pds/price-and-performance?op=FundContent&id=23 request variables:  {countrycode: HK, languagecode: en_GB, fundid: 4913, shareclasscode: Z, asofdate: undefined} browser online: true err: H @ https://www.franklintempleton.com.hk/main.e8a2a4e8cc4e9a6b3aea.js:0
[    2606ms] [ERROR] Failed to load resource: net::ERR_NETWORK_CHANGED @ https://www.franklintempleton.com.hk/api/pds/price-and-performance?op=FundContent&id=23:0
[    2607ms] [ERROR] FundApiInterceptor: fund API error while getting pds-graphql:  https://www.franklintempleton.com.hk/api/pds/price-and-performance?op=FundDocuments&id=27 request variables:  {countrycode: HK, languagecode: en_GB, fundid: 4913, shareclasscode: Z, asofdate: undefined} browser online: true err: H @ https://www.franklintempleton.com.hk/main.e8a2a4e8cc4e9a6b3aea.js:0
[    2607ms] [ERROR] Failed to load resource: net::ERR_NETWORK_CHANGED @ https://www.franklintempleton.com.hk/api/pds/price-and-performance?op=FundDocuments&id=27:0
[    2608ms] [ERROR] LiteratureDataService: [literatureData] Received error from backend request. Please try to reload this page or try later.{"headers":{"normalizedNames":{},"lazyUpdate":null,"headers":{}},"status":0,"statusText":"Unknown Error","url":"/api/literature/v1/documents?channel=en-hk&cache=true&frkOneTISNumber=4913&shareClass=Z&fundUmbrella=FTIF&audience=investor","ok":false,"name":"HttpErrorResponse","message":"Http failure response for /api/literature/v1/documents?channel=en-hk&cache=true&frkOneTISNumber=4913&shareClass=Z&fundUmbrella=FTIF&audience=investor: 0 Unknown Error","error":{"isTrusted":true}} [error status]: 0 @ https://www.franklintempleton.com.hk/main.e8a2a4e8cc4e9a6b3aea.js:0
[    2609ms] [ERROR] Failed to load resource: net::ERR_NETWORK_CHANGED @ https://www.franklintempleton.com.hk/api/literature/v1/documents?channel=en-hk&cache=true&frkOneTISNumber=4913&shareClass=Z&fundUmbrella=FTIF&audience=investor:0
[    2618ms] [ERROR] ERROR H @ https://www.franklintempleton.com.hk/vendor.f8508967efda686c40e6.js:0
[    2618ms] [ERROR] ERROR H @ https://www.franklintempleton.com.hk/vendor.f8508967efda686c40e6.js:0
[    2618ms] [ERROR] ERROR H @ https://www.franklintempleton.com.hk/vendor.f8508967efda686c40e6.js:0
[    2618ms] [ERROR] ERROR H @ https://www.franklintempleton.com.hk/vendor.f8508967efda686c40e6.js:0
[    2619ms] [ERROR] ERROR H @ https://www.franklintempleton.com.hk/vendor.f8508967efda686c40e6.js:0
[    2619ms] [ERROR] ERROR H @ https://www.franklintempleton.com.hk/vendor.f8508967efda686c40e6.js:0
[    2619ms] [ERROR] ERROR H @ https://www.franklintempleton.com.hk/vendor.f8508967efda686c40e6.js:0
[    2619ms] [ERROR] ERROR H @ https://www.franklintempleton.com.hk/vendor.f8508967efda686c40e6.js:0
[    2619ms] [ERROR] ERROR H @ https://www.franklintempleton.com.hk/vendor.f8508967efda686c40e6.js:0
[    2620ms] [ERROR] ERROR H @ https://www.franklintempleton.com.hk/vendor.f8508967efda686c40e6.js:0
[    2620ms] [ERROR] ERROR H @ https://www.franklintempleton.com.hk/vendor.f8508967efda686c40e6.js:0
[    2620ms] [ERROR] ERROR H @ https://www.franklintempleton.com.hk/vendor.f8508967efda686c40e6.js:0
[    2620ms] [ERROR] ERROR H @ https://www.franklintempleton.com.hk/vendor.f8508967efda686c40e6.js:0
[    2620ms] [ERROR] ERROR H @ https://www.franklintempleton.com.hk/vendor.f8508967efda686c40e6.js:0
[    2620ms] [ERROR] ERROR H @ https://www.franklintempleton.com.hk/vendor.f8508967efda686c40e6.js:0
[    2620ms] [ERROR] ERROR H @ https://www.franklintempleton.com.hk/vendor.f8508967efda686c40e6.js:0
[    2621ms] [ERROR] ERROR H @ https://www.franklintempleton.com.hk/vendor.f8508967efda686c40e6.js:0
[    2621ms] [ERROR] ERROR H @ https://www.franklintempleton.com.hk/vendor.f8508967efda686c40e6.js:0
[    2621ms] [ERROR] ERROR H @ https://www.franklintempleton.com.hk/vendor.f8508967efda686c40e6.js:0
[    2621ms] [ERROR] ERROR H @ https://www.franklintempleton.com.hk/vendor.f8508967efda686c40e6.js:0
[    2621ms] [ERROR] ERROR H @ https://www.franklintempleton.com.hk/vendor.f8508967efda686c40e6.js:0
[    2621ms] [ERROR] ERROR H @ https://www.franklintempleton.com.hk/vendor.f8508967efda686c40e6.js:0
[    2622ms] [ERROR] ERROR H @ https://www.franklintempleton.com.hk/vendor.f8508967efda686c40e6.js:0
[    2622ms] [ERROR] ERROR H @ https://www.franklintempleton.com.hk/vendor.f8508967efda686c40e6.js:0
[    2622ms] [ERROR] ERROR H @ https://www.franklintempleton.com.hk/vendor.f8508967efda686c40e6.js:0
[    2622ms] [ERROR] ERROR H @ https://www.franklintempleton.com.hk/vendor.f8508967efda686c40e6.js:0
[    2623ms] [ERROR] ERROR H @ https://www.franklintempleton.com.hk/vendor.f8508967efda686c40e6.js:0
[    2623ms] [ERROR] ERROR H @ https://www.franklintempleton.com.hk/vendor.f8508967efda686c40e6.js:0
[    2623ms] [ERROR] ERROR H @ https://www.franklintempleton.com.hk/vendor.f8508967efda686c40e6.js:0
[    2623ms] [ERROR] ERROR H @ https://www.franklintempleton.com.hk/vendor.f8508967efda686c40e6.js:0
[    2623ms] [ERROR] ERROR H @ https://www.franklintempleton.com.hk/vendor.f8508967efda686c40e6.js:0
[    2624ms] [ERROR] ERROR H @ https://www.franklintempleton.com.hk/vendor.f8508967efda686c40e6.js:0
[    2624ms] [ERROR] ERROR H @ https://www.franklintempleton.com.hk/vendor.f8508967efda686c40e6.js:0
[    2624ms] [ERROR] ERROR H @ https://www.franklintempleton.com.hk/vendor.f8508967efda686c40e6.js:0
[    2624ms] [ERROR] ERROR H @ https://www.franklintempleton.com.hk/vendor.f8508967efda686c40e6.js:0
[    2624ms] [ERROR] ERROR H @ https://www.franklintempleton.com.hk/vendor.f8508967efda686c40e6.js:0
[    2624ms] [ERROR] ERROR H @ https://www.franklintempleton.com.hk/vendor.f8508967efda686c40e6.js:0
[    2624ms] [ERROR] ERROR H @ https://www.franklintempleton.com.hk/vendor.f8508967efda686c40e6.js:0
[    2624ms] [ERROR] ERROR H @ https://www.franklintempleton.com.hk/vendor.f8508967efda686c40e6.js:0
[    2625ms] [ERROR] ERROR H @ https://www.franklintempleton.com.hk/vendor.f8508967efda686c40e6.js:0
[    2625ms] [ERROR] ERROR H @ https://www.franklintempleton.com.hk/vendor.f8508967efda686c40e6.js:0
[    2625ms] [ERROR] ERROR H @ https://www.franklintempleton.com.hk/vendor.f8508967efda686c40e6.js:0
[    2693ms] [ERROR] Failed to load resource: net::ERR_CONNECTION_REFUSED @ https://cdn.decibelinsight.net/i/13933/304269/di.js:0
[    2694ms] [ERROR] Failed to load resource: net::ERR_CONNECTION_REFUSED @ https://munchkin.marketo.net/munchkin.js:0
[    2715ms] [LOG] Found GTM tag @ https://rtp-static.marketo.com/rtp/libs/ga-integration-2.0.5.js:0
[    2837ms] [ERROR] Failed to load resource: net::ERR_CONNECTION_REFUSED @ https://ad.doubleclick.net/activity;src=3124256;type=ftihk00e;cat=ftihk0;rcb=3;ord=469782380278;npa=0;auiddc=197676914.1785222973;u5=https%3A%2F%2Fwww.franklintempleton.com.hk%2Fen-hk%2Four-funds%2Fprice-and-performance%2Fmutual-funds%2Fproducts%2F4913%2FZ%2Ffranklin-u-s-opportunities-fund%2FLU0109391861;u10=Franklin%20U.S.%20Opportunities%20Fund%20-%20A%20(acc)%20USD%20-%20LU0109391861;uaa=x86;uab=64;uafvl=Not%253BA%253DBrand%3B8.0.0.0%7CChromium%3B150.0.7871.186%7CGoogle%2520Chrome%3B150.0.7871.186;uamb=0;uam=;uap=Linux;uapv=;uaw=0;pscdl=noapi;frm=0;_tu=KFA;gtm=45fe67t1v9189594359z8833526701za20gzb833526701zd833526701xea;gcd=13l3l3l3l1l1;dma=0;dc_fmt=3;tag_exp=115938465~115938469~118395333~118897920~118897930~119896802~120213116;epver=2;dc_random=1785490472_s5kewt12N2mlfYKLe4AzpFTQvotGz-qFEg;~oref=https%3A%2F%2Fwww.franklintempleton.com.hk%2Fen-hk%2Four-funds%2Fprice-and-performance%2Fmutual-funds%2Fproducts%2F4913%2FZ%2Ffranklin-u-s-opportunities-fund%2FLU0109391861?:0
[    2838ms] [ERROR] Failed to load resource: net::ERR_CONNECTION_REFUSED @ https://ad.doubleclick.net/activity;src=3124256;type=ftihk0;cat=hk2020;rcb=3;ord=4231815195700;npa=0;auiddc=197676914.1785222973;u5=https%3A%2F%2Fwww.franklintempleton.com.hk%2Fen-hk%2Four-funds%2Fprice-and-performance%2Fmutual-funds%2Fproducts%2F4913%2FZ%2Ffranklin-u-s-opportunities-fund%2FLU0109391861;u10=Franklin%20U.S.%20Opportunities%20Fund%20-%20A%20(acc)%20USD%20-%20LU0109391861;uaa=x86;uab=64;uafvl=Not%253BA%253DBrand%3B8.0.0.0%7CChromium%3B150.0.7871.186%7CGoogle%2520Chrome%3B150.0.7871.186;uamb=0;uam=;uap=Linux;uapv=;uaw=0;pscdl=noapi;frm=0;_tu=KFA;gtm=45fe67t1v9189594359z8833526701za20gzb833526701zd833526701xea;gcd=13l3l3l3l1l1;dma=0;dc_fmt=3;tag_exp=115938465~115938469~118395333~118897920~118897930~119896802~120213116;epver=2;dc_random=1785490472_FAg9EkPviV66YTmQKZ2noXVUNU5qPzmy6g;~oref=https%3A%2F%2Fwww.franklintempleton.com.hk%2Fen-hk%2Four-funds%2Fprice-and-performance%2Fmutual-funds%2Fproducts%2F4913%2FZ%2Ffranklin-u-s-opportunities-fund%2FLU0109391861?:0
[    2838ms] [ERROR] Failed to load resource: net::ERR_CONNECTION_REFUSED @ https://ad.doubleclick.net/activity;src=3124256;type=ftihk00e;cat=ftihk0;rcb=3;ord=8299308542995;npa=0;auiddc=197676914.1785222973;u5=https%3A%2F%2Fwww.franklintempleton.com.hk%2Fen-hk%2Four-funds%2Fprice-and-performance%2Fmutual-funds%2Fproducts%2F4913%2FZ%2Ffranklin-u-s-opportunities-fund%2FLU0109391861;u10=Franklin%20U.S.%20Opportunities%20Fund%20-%20A%20(acc)%20USD%20-%20LU0109391861;uaa=x86;uab=64;uafvl=Not%253BA%253DBrand%3B8.0.0.0%7CChromium%3B150.0.7871.186%7CGoogle%2520Chrome%3B150.0.7871.186;uamb=0;uam=;uap=Linux;uapv=;uaw=0;pscdl=noapi;frm=0;_tu=KFA;gtm=45fe67t1v9189594359z8833526701za20gzb833526701zd833526701xea;gcd=13l3l3l3l1l1;dma=0;dc_fmt=3;tag_exp=115938465~115938469~118395333~118897920~118897930~119896802~120213116;epver=2;dc_random=1785490472_4lkKTMqR0mINDLUkMWga4vCG0S-kX1bjKQ;~oref=https%3A%2F%2Fwww.franklintempleton.com.hk%2Fen-hk%2Four-funds%2Fprice-and-performance%2Fmutual-funds%2Fproducts%2F4913%2FZ%2Ffranklin-u-s-opportunities-fund%2FLU0109391861?:0
[    2838ms] [ERROR] Failed to load resource: net::ERR_CONNECTION_REFUSED @ https://ad.doubleclick.net/activity;src=3124256;type=ftihk0;cat=hk2020;rcb=3;ord=6987339518416;npa=0;auiddc=197676914.1785222973;u5=https%3A%2F%2Fwww.franklintempleton.com.hk%2Fen-hk%2Four-funds%2Fprice-and-performance%2Fmutual-funds%2Fproducts%2F4913%2FZ%2Ffranklin-u-s-opportunities-fund%2FLU0109391861;u10=Franklin%20U.S.%20Opportunities%20Fund%20-%20A%20(acc)%20USD%20-%20LU0109391861;uaa=x86;uab=64;uafvl=Not%253BA%253DBrand%3B8.0.0.0%7CChromium%3B150.0.7871.186%7CGoogle%2520Chrome%3B150.0.7871.186;uamb=0;uam=;uap=Linux;uapv=;uaw=0;pscdl=noapi;frm=0;_tu=KFA;gtm=45fe67t1v9189594359z8833526701za20gzb833526701zd833526701xea;gcd=13l3l3l3l1l1;dma=0;dc_fmt=3;tag_exp=115938465~115938469~118395333~118897920~118897930~119896802~120213116;epver=2;dc_random=1785490472_Aqw05f32D1u6AZn5tBbLSXzn_dwhKFLlMA;~oref=https%3A%2F%2Fwww.franklintempleton.com.hk%2Fen-hk%2Four-funds%2Fprice-and-performance%2Fmutual-funds%2Fproducts%2F4913%2FZ%2Ffranklin-u-s-opportunities-fund%2FLU0109391861?:0
[    2839ms] [ERROR] Failed to load resource: net::ERR_CONNECTION_REFUSED @ https://ad.doubleclick.net/activity;src=3124256;type=ftihk00e;cat=ftihk0;rcb=3;ord=469782380278;npa=0;auiddc=197676914.1785222973;u5=https%3A%2F%2Fwww.franklintempleton.com.hk%2Fen-hk%2Four-funds%2Fprice-and-performance%2Fmutual-funds%2Fproducts%2F4913%2FZ%2Ffranklin-u-s-opportunities-fund%2FLU0109391861;u10=Franklin%20U.S.%20Opportunities%20Fund%20-%20A%20(acc)%20USD%20-%20LU0109391861;uaa=x86;uab=64;uafvl=Not%253BA%253DBrand%3B8.0.0.0%7CChromium%3B150.0.7871.186%7CGoogle%2520Chrome%3B150.0.7871.186;uamb=0;uam=;uap=Linux;uapv=;uaw=0;pscdl=noapi;frm=0;_tu=KFA;gtm=45fe67t1v9189594359z8833526701za20gzb833526701zd833526701xea;gcd=13l3l3l3l1l1;dma=0;dc_fmt=11;tag_exp=115938465~115938469~118395333~118897920~118897930~119896802~120213116;epver=2;dc_random=1785490472_s5kewt12N2mlfYKLe4AzpFTQvotGz-qFEg;~oref=https%3A%2F%2Fwww.franklintempleton.com.hk%2Fen-hk%2Four-funds%2Fprice-and-performance%2Fmutual-funds%2Fproducts%2F4913%2FZ%2Ffranklin-u-s-opportunities-fund%2FLU0109391861?:0
[    2839ms] [ERROR] Failed to load resource: net::ERR_CONNECTION_REFUSED @ https://ad.doubleclick.net/activity;src=3124256;type=ftihk0;cat=hk2020;rcb=3;ord=4231815195700;npa=0;auiddc=197676914.1785222973;u5=https%3A%2F%2Fwww.franklintempleton.com.hk%2Fen-hk%2Four-funds%2Fprice-and-performance%2Fmutual-funds%2Fproducts%2F4913%2FZ%2Ffranklin-u-s-opportunities-fund%2FLU0109391861;u10=Franklin%20U.S.%20Opportunities%20Fund%20-%20A%20(acc)%20USD%20-%20LU0109391861;uaa=x86;uab=64;uafvl=Not%253BA%253DBrand%3B8.0.0.0%7CChromium%3B150.0.7871.186%7CGoogle%2520Chrome%3B150.0.7871.186;uamb=0;uam=;uap=Linux;uapv=;uaw=0;pscdl=noapi;frm=0;_tu=KFA;gtm=45fe67t1v9189594359z8833526701za20gzb833526701zd833526701xea;gcd=13l3l3l3l1l1;dma=0;dc_fmt=11;tag_exp=115938465~115938469~118395333~118897920~118897930~119896802~120213116;epver=2;dc_random=1785490472_FAg9EkPviV66YTmQKZ2noXVUNU5qPzmy6g;~oref=https%3A%2F%2Fwww.franklintempleton.com.hk%2Fen-hk%2Four-funds%2Fprice-and-performance%2Fmutual-funds%2Fproducts%2F4913%2FZ%2Ffranklin-u-s-opportunities-fund%2FLU0109391861?:0
[    2840ms] [ERROR] Failed to load resource: net::ERR_CONNECTION_REFUSED @ https://ad.doubleclick.net/activity;src=3124256;type=ftihk00e;cat=ftihk0;rcb=3;ord=8299308542995;npa=0;auiddc=197676914.1785222973;u5=https%3A%2F%2Fwww.franklintempleton.com.hk%2Fen-hk%2Four-funds%2Fprice-and-performance%2Fmutual-funds%2Fproducts%2F4913%2FZ%2Ffranklin-u-s-opportunities-fund%2FLU0109391861;u10=Franklin%20U.S.%20Opportunities%20Fund%20-%20A%20(acc)%20USD%20-%20LU0109391861;uaa=x86;uab=64;uafvl=Not%253BA%253DBrand%3B8.0.0.0%7CChromium%3B150.0.7871.186%7CGoogle%2520Chrome%3B150.0.7871.186;uamb=0;uam=;uap=Linux;uapv=;uaw=0;pscdl=noapi;frm=0;_tu=KFA;gtm=45fe67t1v9189594359z8833526701za20gzb833526701zd833526701xea;gcd=13l3l3l3l1l1;dma=0;dc_fmt=11;tag_exp=115938465~115938469~118395333~118897920~118897930~119896802~120213116;epver=2;dc_random=1785490472_4lkKTMqR0mINDLUkMWga4vCG0S-kX1bjKQ;~oref=https%3A%2F%2Fwww.franklintempleton.com.hk%2Fen-hk%2Four-funds%2Fprice-and-performance%2Fmutual-funds%2Fproducts%2F4913%2FZ%2Ffranklin-u-s-opportunities-fund%2FLU0109391861?:0
[    2840ms] [ERROR] Failed to load resource: net::ERR_CONNECTION_REFUSED @ https://ad.doubleclick.net/activity;src=3124256;type=ftihk0;cat=hk2020;rcb=3;ord=6987339518416;npa=0;auiddc=197676914.1785222973;u5=https%3A%2F%2Fwww.franklintempleton.com.hk%2Fen-hk%2Four-funds%2Fprice-and-performance%2Fmutual-funds%2Fproducts%2F4913%2FZ%2Ffranklin-u-s-opportunities-fund%2FLU0109391861;u10=Franklin%20U.S.%20Opportunities%20Fund%20-%20A%20(acc)%20USD%20-%20LU0109391861;uaa=x86;uab=64;uafvl=Not%253BA%253DBrand%3B8.0.0.0%7CChromium%3B150.0.7871.186%7CGoogle%2520Chrome%3B150.0.7871.186;uamb=0;uam=;uap=Linux;uapv=;uaw=0;pscdl=noapi;frm=0;_tu=KFA;gtm=45fe67t1v9189594359z8833526701za20gzb833526701zd833526701xea;gcd=13l3l3l3l1l1;dma=0;dc_fmt=11;tag_exp=115938465~115938469~118395333~118897920~118897930~119896802~120213116;epver=2;dc_random=1785490472_Aqw05f32D1u6AZn5tBbLSXzn_dwhKFLlMA;~oref=https%3A%2F%2Fwww.franklintempleton.com.hk%2Fen-hk%2Four-funds%2Fprice-and-performance%2Fmutual-funds%2Fproducts%2F4913%2FZ%2Ffranklin-u-s-opportunities-fund%2FLU0109391861?:0
[    3984ms] [ERROR] Failed to load resource: net::ERR_CONNECTION_REFUSED @ https://googleads.g.doubleclick.net/pagead/viewthroughconversion/941932809/?random=1785490472705&cv=11&fst=1785490472705&bg=ffffff&guid=ON&async=1&gtm=45be67t1z8833526701za20gzb833526701zd833526701xea&gcd=13l3l3l3l1l1&dma=0&tag_exp=115938465~115938469~118897920~118897930~119896802&u_w=800&u_h=600&url=https%3A%2F%2Fwww.franklintempleton.com.hk%2Fen-hk%2Four-funds%2Fprice-and-performance%2Fmutual-funds%2Fproducts%2F4913%2FZ%2Ffranklin-u-s-opportunities-fund%2FLU0109391861&rcb=0&label=fti-hk-gtag&frm=0&tiba=Franklin%20U.S.%20Opportunities%20Fund%20-%20A%20(acc)%20USD%20-%20LU0109391861&hn=www.googleadservices.com&npa=0&pscdl=noapi&auid=197676914.1785222973&uaa=x86&uab=64&uafvl=Not%253BA%253DBrand%3B8.0.0.0%7CChromium%3B150.0.7871.186%7CGoogle%2520Chrome%3B150.0.7871.186&uamb=0&uam=&uap=Linux&uapv=&uaw=0&_tu=CA&ept=9&rfmt=3&fmt=4:0
[    3985ms] [ERROR] Failed to load resource: net::ERR_CONNECTION_REFUSED @ https://googleads.g.doubleclick.net/pagead/viewthroughconversion/941932809/?random=1785490472705&cv=11&fst=1785490472705&fmt=3&bg=ffffff&guid=ON&async=1&gtm=45be67t1z8833526701za20gzb833526701zd833526701xea&gcd=13l3l3l3l1l1&dma=0&tag_exp=115938465~115938469~118897920~118897930~119896802&u_w=800&u_h=600&url=https%3A%2F%2Fwww.franklintempleton.com.hk%2Fen-hk%2Four-funds%2Fprice-and-performance%2Fmutual-funds%2Fproducts%2F4913%2FZ%2Ffranklin-u-s-opportunities-fund%2FLU0109391861&rcb=0&label=fti-hk-gtag&frm=0&tiba=Franklin%20U.S.%20Opportunities%20Fund%20-%20A%20(acc)%20USD%20-%20LU0109391861&hn=www.googleadservices.com&npa=0&pscdl=noapi&auid=197676914.1785222973&uaa=x86&uab=64&uafvl=Not%253BA%253DBrand%3B8.0.0.0%7CChromium%3B150.0.7871.186%7CGoogle%2520Chrome%3B150.0.7871.186&uamb=0&uam=&uap=Linux&uapv=&uaw=0&_tu=CA&ept=9:0
[    4006ms] [ERROR] Failed to load resource: net::ERR_CONNECTION_REFUSED @ https://px.ads.linkedin.com/attribution_trigger?pid=3530684&time=1785490472732&url=https%3A%2F%2Fwww.franklintempleton.com.hk%2Fen-hk%2Four-funds%2Fprice-and-performance%2Fmutual-funds%2Fproducts%2F4913%2FZ%2Ffranklin-u-s-opportunities-fund%2FLU0109391861:0
[    4006ms] [ERROR] Failed to load resource: net::ERR_CONNECTION_REFUSED @ https://px.ads.linkedin.com/collect?v=2&fmt=js&pid=3530684&time=1785490472732&li_adsId=183f4baf-7a91-4412-b428-0c9dcd992b9a&url=https%3A%2F%2Fwww.franklintempleton.com.hk%2Fen-hk%2Four-funds%2Fprice-and-performance%2Fmutual-funds%2Fproducts%2F4913%2FZ%2Ffranklin-u-s-opportunities-fund%2FLU0109391861:0
[    4010ms] [ERROR] Failed to load resource: net::ERR_CONNECTION_REFUSED @ https://px.ads.linkedin.com/attribution_trigger?pid=3530684&time=1785490472732&url=https%3A%2F%2Fwww.franklintempleton.com.hk%2Fen-hk%2Four-funds%2Fprice-and-performance%2Fmutual-funds%2Fproducts%2F4913%2FZ%2Ffranklin-u-s-opportunities-fund%2FLU0109391861:0
[    4012ms] [ERROR] Failed to load resource: net::ERR_CONNECTION_REFUSED @ https://px.ads.linkedin.com/wa/?medium=fetch&fmt=g:0
[    4013ms] [ERROR] Failed to load resource: net::ERR_CONNECTION_REFUSED @ https://px.ads.linkedin.com/wa/?medium=beacon&fmt=g:0
[    4013ms] [ERROR] Failed to load resource: net::ERR_CONNECTION_REFUSED @ https://px.ads.linkedin.com/insight_tag_errors.gif?v=2&pid=3530684&error=version%3A%20308%20%7C%20WebsiteActions-308-TypeError%3A%20Failed%20to%20fetch%3B%20ErrorData%3A%20%7B%22domain%22%3A%22franklintempleton.com.hk%22%2C%22requestFetcher%22%3A%22fetch-keepalive%22%2C%22body%22%3A%22H4sIAAAAAAAAA3WPXWvbMBiF%2F4p4rzawIru2E1l3gTUlUGiZk16sjKFIrxsRWVL1QRml%2F32kHWEMenngPA%2FnvEIwOoF4bPu2XvLuZwVJRRPyA8ZkvAPR1ryCbGYE0ax43w11t%2Brqq6EC7WdpHAiYonQna1zGOVjM3i2UnxfHE1RQogUBx5xDEox9VmTo6PHEfIl0Kk4nFqJRSKXTNGCcfJylU8jmkou0l4rXReXEuqFp2Y%2BLmxaaqA%2FBx1ycyQbTO8Bu93VTD%2B3Q8GUDFQT5hDuTLYKAzV%2BU7Bfjgtz9y5JNcZpQsiZfpFJfyX78Rij5z%2FWCh2QyjubJSfsdnwumvNUgYGglb4aDpn3HFW24mmi%2F5AOd%2BlWr%2B6Y76IlDBSbtonTJyowaxCRtwgqs2cgPC5zDjZEuf4TZJAXiFUI6jFlmBEG7t7Pl1rgT6q1bh3DRHHEG4Yq1FaT3fbvf4fz5fn1z%2FethO2538PYHu5rUBQUCAAA%3D%22%7D&href=https%3A%2F%2Fwww.franklintempleton.com.hk%2Fen-hk%2Four-funds%2Fprice-and-performance%2Fmutual-funds%2Fproducts%2F4913%2FZ%2Ffranklin-u-s-opportunities-fund%2FLU0109391861:0
[    5673ms] [ERROR] Failed to load resource: net::ERR_CONNECTION_REFUSED @ https://analytics.google.com/g/collect?v=2&tid=G-15V8ZZDP8Z&gtm=45je67t1v9102947072z8833526701za20gzb833526701zd833526701&_p=1785490470322&gcd=13l3l3l3l1l1&npa=0&dma=0&_eu=AAAAAGQ&are=1&cid=1668873976.1785222973&frm=0&pscdl=noapi&rcb=2&sr=800x600&uaa=x86&uab=64&uafvl=Not%253BA%253DBrand%3B8.0.0.0%7CChromium%3B150.0.7871.186%7CGoogle%2520Chrome%3B150.0.7871.186&uam=&uamb=0&uap=Linux&uapv=&uaw=0&ul=en-us&gaf=2&tag_exp=115938465~115938468~118395333~118897920~118897930~119896802&sid=1785490268&sct=2&seg=1&dl=https%3A%2F%2Fwww.franklintempleton.com.hk%2Fen-hk%2Four-funds%2Fprice-and-performance%2Fmutual-funds%2Fproducts%2F4913%2FZ%2Ffranklin-u-s-opportunities-fund%2FLU0109391861&dt=&_s=1&tfd=5511:0
[    6301ms] [ERROR] Failed to load resource: net::ERR_CONNECTION_REFUSED @ https://fml-x.com/page/0.7503488197473519/https://www.franklintempleton.com.hk/en-hk/our-funds/price-and-performance/mutual-funds/products/4913/Z/franklin-u-s-opportunities-fund/LU0109391861:0
[    6304ms] [ERROR] Failed to load resource: net::ERR_CONNECTION_REFUSED @ https://siteimproveanalytics.com/js/siteanalyze_6052778.js:0
