[    7133ms] [LOG] JQMIGRATE: Migrate is installed, version 3.4.1 @ https://www.janushenderson.com/en-us/offshore/wp-includes/js/jquery/jquery-migrate.min.js?ver=3.4.1:1
[    7311ms] [ERROR] Failed to load resource: net::ERR_CONNECTION_REFUSED @ https://siteimproveanalytics.com/js/siteanalyze_6002966.js:0
[    7586ms] [ERROR] Failed to load resource: net::ERR_NETWORK_CHANGED @ https://cdn.userway.org/widget.js:0
[    9096ms] [ERROR] Failed to load resource: net::ERR_NETWORK_CHANGED @ https://janushenderson.bynder.com/transform/3136e87a-d57f-4c2c-ade6-9f31c82faa99/JanusHenderson_Logo_CMYK_White:0
[    9377ms] [WARNING] VIDEOJS: WARN: videojs.mergeOptions is deprecated and will be removed in 9.0; please use videojs.obj.merge instead. @ https://players.brightcove.net/6415803236001/E5QC8bmgG_default/index.min.js:0
[    9390ms] [LOG] VIDEOJS: Ignoring already initialized player @ https://players.brightcove.net/6415803236001/E5QC8bmgG_default/index.min.js:0
[    9390ms] [LOG] VIDEOJS: Ignoring already initialized player @ https://players.brightcove.net/6415803236001/E5QC8bmgG_default/index.min.js:0
[    9552ms] [ERROR] Failed to load resource: net::ERR_CONNECTION_REFUSED @ https://metrics.brightcove.com/v2/tracker?domain=videocloud&platform=video-js&session=4a9cf09eaaf3e90e16ff3fac&player_mode=media&account=6415803236001&destination=https%3A%2F%2Fwww.janushenderson.com%2Fen-us%2Foffshore%2Fproduct%2Fjanus-henderson-horizon-global-technology-leaders-fund%2F%3Fidentifier%3DLU0070992663&platform_version=7.44.1&player=players.brightcove.com%2F6415803236001%2FE5QC8bmgG_default&player_name=JHI%20Default%20Player&source=&event=player_init&time=1785544684108&autoplay=false&seq=0:0
[    9552ms] [ERROR] Failed to load resource: net::ERR_CONNECTION_REFUSED @ https://metrics.brightcove.com/v2/tracker?domain=videocloud&platform=video-js&session=4a9cf09eaaf3e90e16ff3fac&player_mode=media&account=6415803236001&destination=https%3A%2F%2Fwww.janushenderson.com%2Fen-us%2Foffshore%2Fproduct%2Fjanus-henderson-horizon-global-technology-leaders-fund%2F%3Fidentifier%3DLU0070992663&platform_version=7.44.1&player=players.brightcove.com%2F6415803236001%2FE5QC8bmgG_default&player_name=JHI%20Default%20Player&source=&event=catalog_request&url=https%3A%2F%2Fedge.api.brightcove.com%2Fplayback%2Fv1%2Faccounts%2F6415803236001%2Fvideos%2Fref%253ASziU8JMhquEVZqMZDFfU77&time=1785544684109&autoplay=false&seq=1:0
[    9552ms] [ERROR] Failed to load resource: net::ERR_CONNECTION_REFUSED @ https://metrics.brightcove.com/v2/tracker?domain=videocloud&platform=video-js&session=c26e032567ddc21f4277b6c5&player_mode=media&account=6415803236001&destination=https%3A%2F%2Fwww.janushenderson.com%2Fen-us%2Foffshore%2Fproduct%2Fjanus-henderson-horizon-global-technology-leaders-fund%2F%3Fidentifier%3DLU0070992663&platform_version=7.44.1&player=players.brightcove.com%2F6415803236001%2FE5QC8bmgG_default&player_name=JHI%20Default%20Player&source=&event=catalog_request&url=https%3A%2F%2Fedge.api.brightcove.com%2Fplayback%2Fv1%2Faccounts%2F6415803236001%2Fvideos%2Fref%253A6402222662112&time=1785544683998&autoplay=false&seq=1:0
[    9552ms] [ERROR] Failed to load resource: net::ERR_CONNECTION_REFUSED @ https://metrics.brightcove.com/v2/tracker?domain=videocloud&platform=video-js&session=c26e032567ddc21f4277b6c5&player_mode=media&account=6415803236001&destination=https%3A%2F%2Fwww.janushenderson.com%2Fen-us%2Foffshore%2Fproduct%2Fjanus-henderson-horizon-global-technology-leaders-fund%2F%3Fidentifier%3DLU0070992663&platform_version=7.44.1&player=players.brightcove.com%2F6415803236001%2FE5QC8bmgG_default&player_name=JHI%20Default%20Player&source=&autoplay=false&ads_enabled=false&usage=thumbnails!7.44.1%2CbcGtm!7.44.1%2CqualityLevels!4.1.0%2CqualityMenu!1.0.4%2Ccaptions!%2Cinpage-embed&event=player_load&time=1785544684118&qos.performance.memory.jsHeapSizeLimit=4395630592&qos.performance.memory.usedJSHeapSize=23746584&qos.performance.memory.totalJSHeapSize=35553504&qos.performance.navigation.redirectCount=0&qos.performance.navigation.type=0&qos.performance.navigation.directedMigration=false&qos.performance.timing.loadEventEnd=0&qos.performance.timing.loadEventStart=0&qos.performance.timing.domComplete=0&qos.performance.timing.domContentLoadedEventEnd=0&qos.performance.timing.domContentLoadedEventStart=0&qos.performance.timing.domInteractive=0&qos.performance.timing.domLoading=1785544680125&qos.performance.timing.responseEnd=1785544680366&qos.performance.timing.responseStart=1785544680121&qos.performance.timing.requestStart=1785544675105&qos.performance.timing.secureConnectionStart=1785544674945&qos.performance.timing.connectEnd=1785544675105&qos.performance.timing.connectStart=1785544674790&qos.performance.timing.domainLookupEnd=1785544674790&qos.performance.timing.domainLookupStart=1785544674623&qos.performance.timing.fetchStart=1785544674623&qos.performance.timing.redirectEnd=0&qos.performance.timing.redirectStart=0&qos.performance.timing.unloadEventEnd=0&qos.performance.timing.unloadEventStart=0&qos.performance.timing.navigationStart=1785544674622&qos.player.dimensions=%5B%5B1785544684118%2C%220x0%22%2C%22173x97.3125%22%5D%5D&qos.player.pixelratio=%5B%5B1785544684118%2C1%5D%5D&qos.player.screendimensions=%5B%5B1785544684118%2C%22800x600%22%5D%5D&seq=2:0
[    9552ms] [ERROR] Failed to load resource: net::ERR_CONNECTION_REFUSED @ https://metrics.brightcove.com/v2/tracker?domain=videocloud&platform=video-js&session=c26e032567ddc21f4277b6c5&player_mode=media&account=6415803236001&destination=https%3A%2F%2Fwww.janushenderson.com%2Fen-us%2Foffshore%2Fproduct%2Fjanus-henderson-horizon-global-technology-leaders-fund%2F%3Fidentifier%3DLU0070992663&platform_version=7.44.1&player=players.brightcove.com%2F6415803236001%2FE5QC8bmgG_default&player_name=JHI%20Default%20Player&source=&event=player_init&time=1785544683997&autoplay=false&seq=0:0
[    9639ms] [ERROR] Failed to load resource: net::ERR_CONNECTION_REFUSED @ https://metrics.brightcove.com/v2/tracker?domain=videocloud&platform=video-js&session=4a9cf09eaaf3e90e16ff3fac&player_mode=media&account=6415803236001&destination=https%3A%2F%2Fwww.janushenderson.com%2Fen-us%2Foffshore%2Fproduct%2Fjanus-henderson-horizon-global-technology-leaders-fund%2F%3Fidentifier%3DLU0070992663&platform_version=7.44.1&player=players.brightcove.com%2F6415803236001%2FE5QC8bmgG_default&player_name=JHI%20Default%20Player&source=&autoplay=false&ads_enabled=false&usage=thumbnails!7.44.1%2CbcGtm!7.44.1%2CqualityLevels!4.1.0%2CqualityMenu!1.0.4%2Ccaptions!%2Cinpage-embed&event=player_load&time=1785544684224&qos.performance.memory.jsHeapSizeLimit=4395630592&qos.performance.memory.usedJSHeapSize=23842968&qos.performance.memory.totalJSHeapSize=37009616&qos.performance.navigation.redirectCount=0&qos.performance.navigation.type=0&qos.performance.navigation.directedMigration=false&qos.performance.timing.loadEventEnd=0&qos.performance.timing.loadEventStart=0&qos.performance.timing.domComplete=0&qos.performance.timing.domContentLoadedEventEnd=0&qos.performance.timing.domContentLoadedEventStart=0&qos.performance.timing.domInteractive=0&qos.performance.timing.domLoading=1785544680125&qos.performance.timing.responseEnd=1785544680366&qos.performance.timing.responseStart=1785544680121&qos.performance.timing.requestStart=1785544675105&qos.performance.timing.secureConnectionStart=1785544674945&qos.performance.timing.connectEnd=1785544675105&qos.performance.timing.connectStart=1785544674790&qos.performance.timing.domainLookupEnd=1785544674790&qos.performance.timing.domainLookupStart=1785544674623&qos.performance.timing.fetchStart=1785544674623&qos.performance.timing.redirectEnd=0&qos.performance.timing.redirectStart=0&qos.performance.timing.unloadEventEnd=0&qos.performance.timing.unloadEventStart=0&qos.performance.timing.navigationStart=1785544674622&qos.performance.bcInit=117.79999995231628&qos.player.dimensions=%5B%5B1785544684224%2C%220x0%22%2C%22429x241.312%22%5D%5D&qos.player.pixelratio=%5B%5B1785544684224%2C1%5D%5D&qos.player.screendimensions=%5B%5B1785544684224%2C%22800x600%22%5D%5D&seq=2:0
[    9674ms] [ERROR] Failed to load resource: net::ERR_CONNECTION_REFUSED @ https://metrics.brightcove.com/v2/tracker?domain=videocloud&platform=video-js&session=c26e032567ddc21f4277b6c5&player_mode=media&account=6415803236001&destination=https%3A%2F%2Fwww.janushenderson.com%2Fen-us%2Foffshore%2Fproduct%2Fjanus-henderson-horizon-global-technology-leaders-fund%2F%3Fidentifier%3DLU0070992663&platform_version=7.44.1&player=players.brightcove.com%2F6415803236001%2FE5QC8bmgG_default&player_name=JHI%20Default%20Player&source=&autoplay=false&ads_enabled=false&event=catalog_response&url=https%3A%2F%2Fedge.api.brightcove.com%2Fplayback%2Fv1%2Faccounts%2F6415803236001%2Fvideos%2Fref%253A6402222662112&time=1785544684270&seq=3&response_time_ms=272:0
[    9687ms] [LOG] Product Search view.js loaded! @ https://www.janushenderson.com/en-us/offshore/wp-content/plugins/janushenderson-custom-blocks/build/product-search/view.js?ver=1778610225:0
[    9711ms] TypeError: Cannot read properties of null (reading 'querySelector')
    at https://www.janushenderson.com/en-us/offshore/product/janus-henderson-horizon-global-technology-leaders-fund/?identifier=LU0070992663:7377:24
[    9836ms] [LOG] No product search blocks found on this page. @ https://www.janushenderson.com/en-us/offshore/wp-content/plugins/janushenderson-custom-blocks/build/product-search/view.js?ver=1778610225:0
[    9980ms] [ERROR] Failed to load resource: net::ERR_CONNECTION_REFUSED @ https://metrics.brightcove.com/v2/tracker?domain=videocloud&platform=video-js&session=4a9cf09eaaf3e90e16ff3fac&player_mode=media&account=6415803236001&destination=https%3A%2F%2Fwww.janushenderson.com%2Fen-us%2Foffshore%2Fproduct%2Fjanus-henderson-horizon-global-technology-leaders-fund%2F%3Fidentifier%3DLU0070992663&platform_version=7.44.1&player=players.brightcove.com%2F6415803236001%2FE5QC8bmgG_default&player_name=JHI%20Default%20Player&source=&autoplay=false&ads_enabled=false&event=catalog_response&url=https%3A%2F%2Fedge.api.brightcove.com%2Fplayback%2Fv1%2Faccounts%2F6415803236001%2Fvideos%2Fref%253ASziU8JMhquEVZqMZDFfU77&time=1785544684598&seq=3&response_time_ms=489:0
[   10002ms] [ERROR] VIDEOJS: ERROR: TypeError: Cannot read properties of null (reading 'options')
    at ua (https://players.brightcove.net/6415803236001/E5QC8bmgG_default/index.min.js:1:270528)
    at https://players.brightcove.net/6415803236001/E5QC8bmgG_default/index.min.js:1:272325
    at https://players.brightcove.net/6415803236001/E5QC8bmgG_default/index.min.js:1:76183
    at Array.reduce (<anonymous>)
    at Z (https://players.brightcove.net/6415803236001/E5QC8bmgG_default/index.min.js:1:76169)
    at ha.getValues (https://players.brightcove.net/6415803236001/E5QC8bmgG_default/index.min.js:1:272302)
    at Vn.updateDisplayState (https://players.brightcove.net/6415803236001/E5QC8bmgG_default/index.min.js:1:202930)
    at Vn.updateForTrack (https://players.brightcove.net/6415803236001/E5QC8bmgG_default/index.min.js:1:204857)
    at Vn.updateDisplay (https://players.brightcove.net/6415803236001/E5QC8bmgG_default/index.min.js:1:201742)
    at S.i (https://players.brightcove.net/6415803236001/E5QC8bmgG_default/index.min.js:1:199713) @ https://players.brightcove.net/6415803236001/E5QC8bmgG_default/index.min.js:0
[   10004ms] [ERROR] VIDEOJS: ERROR: TypeError: Cannot read properties of null (reading 'options')
    at ua (https://players.brightcove.net/6415803236001/E5QC8bmgG_default/index.min.js:1:270528)
    at https://players.brightcove.net/6415803236001/E5QC8bmgG_default/index.min.js:1:272325
    at https://players.brightcove.net/6415803236001/E5QC8bmgG_default/index.min.js:1:76183
    at Array.reduce (<anonymous>)
    at Z (https://players.brightcove.net/6415803236001/E5QC8bmgG_default/index.min.js:1:76169)
    at ha.getValues (https://players.brightcove.net/6415803236001/E5QC8bmgG_default/index.min.js:1:272302)
    at Vn.updateDisplayState (https://players.brightcove.net/6415803236001/E5QC8bmgG_default/index.min.js:1:202930)
    at Vn.updateForTrack (https://players.brightcove.net/6415803236001/E5QC8bmgG_default/index.min.js:1:204857)
    at Vn.updateDisplay (https://players.brightcove.net/6415803236001/E5QC8bmgG_default/index.min.js:1:201742)
    at S.i (https://players.brightcove.net/6415803236001/E5QC8bmgG_default/index.min.js:1:199713) @ https://players.brightcove.net/6415803236001/E5QC8bmgG_default/index.min.js:0
[   10014ms] [ERROR] VIDEOJS: ERROR: TypeError: Cannot read properties of null (reading 'options')
    at ua (https://players.brightcove.net/6415803236001/E5QC8bmgG_default/index.min.js:1:270528)
    at https://players.brightcove.net/6415803236001/E5QC8bmgG_default/index.min.js:1:272325
    at https://players.brightcove.net/6415803236001/E5QC8bmgG_default/index.min.js:1:76183
    at Array.reduce (<anonymous>)
    at Z (https://players.brightcove.net/6415803236001/E5QC8bmgG_default/index.min.js:1:76169)
    at ha.getValues (https://players.brightcove.net/6415803236001/E5QC8bmgG_default/index.min.js:1:272302)
    at Vn.updateDisplayState (https://players.brightcove.net/6415803236001/E5QC8bmgG_default/index.min.js:1:202930)
    at Vn.updateForTrack (https://players.brightcove.net/6415803236001/E5QC8bmgG_default/index.min.js:1:204857)
    at Vn.updateDisplay (https://players.brightcove.net/6415803236001/E5QC8bmgG_default/index.min.js:1:201742)
    at S.i (https://players.brightcove.net/6415803236001/E5QC8bmgG_default/index.min.js:1:199713) @ https://players.brightcove.net/6415803236001/E5QC8bmgG_default/index.min.js:0
[   10015ms] [ERROR] VIDEOJS: ERROR: TypeError: Cannot read properties of null (reading 'options')
    at ua (https://players.brightcove.net/6415803236001/E5QC8bmgG_default/index.min.js:1:270528)
    at https://players.brightcove.net/6415803236001/E5QC8bmgG_default/index.min.js:1:272325
    at https://players.brightcove.net/6415803236001/E5QC8bmgG_default/index.min.js:1:76183
    at Array.reduce (<anonymous>)
    at Z (https://players.brightcove.net/6415803236001/E5QC8bmgG_default/index.min.js:1:76169)
    at ha.getValues (https://players.brightcove.net/6415803236001/E5QC8bmgG_default/index.min.js:1:272302)
    at Vn.updateDisplayState (https://players.brightcove.net/6415803236001/E5QC8bmgG_default/index.min.js:1:202930)
    at Vn.updateForTrack (https://players.brightcove.net/6415803236001/E5QC8bmgG_default/index.min.js:1:204857)
    at Vn.updateDisplay (https://players.brightcove.net/6415803236001/E5QC8bmgG_default/index.min.js:1:201742)
    at S.i (https://players.brightcove.net/6415803236001/E5QC8bmgG_default/index.min.js:1:199713) @ https://players.brightcove.net/6415803236001/E5QC8bmgG_default/index.min.js:0
[   10069ms] [ERROR] Failed to load resource: net::ERR_CONNECTION_REFUSED @ https://metrics.brightcove.com/v2/tracker?domain=videocloud&platform=video-js&session=c26e032567ddc21f4277b6c5&player_mode=media&account=6415803236001&destination=https%3A%2F%2Fwww.janushenderson.com%2Fen-us%2Foffshore%2Fproduct%2Fjanus-henderson-horizon-global-technology-leaders-fund%2F%3Fidentifier%3DLU0070992663&platform_version=7.44.1&player=players.brightcove.com%2F6415803236001%2FE5QC8bmgG_default&player_name=JHI%20Default%20Player&source=&autoplay=false&ads_enabled=false&caption_track_language=en&caption_track_label=English&caption_track_kind=subtitles&event=captions_enabled&video=6402222662112&video_name=GTL_SICAV_Q2_2026&reference_id=6402222662112&custom_fields=%5Bobject%20Object%5D&video_data=%5Bobject%20Object%5D&video_ads_supported=true&tags=captionhub&video_duration=416&media_url=https%3A%2F%2Fmanifest.prod.boltdns.net%2Fmanifest%2Fv2%2Fhls%2Fv7%2Faes128%2Favc1_mp4a%2F6415803236001%2F1a4d5f7b-36e6-4e2d-b785-207b303d92ed%2F6s%2Fmaster.m3u8%3Ffastly_token%3DNmE2ZDRkZmNfMjQ1OGNjYWExZGM5ZjU2ZjYxZmYwNDA2ZWM2MDc3NTY1MDQyMmFjYzhmMDExY2ZhY2QyNzgxOTIxYzcxNDNiZA%253D%253D&time=1785544684623&seq=4:0
[   10078ms] [ERROR] VIDEOJS: ERROR: TypeError: Cannot read properties of null (reading 'options')
    at ua (https://players.brightcove.net/6415803236001/E5QC8bmgG_default/index.min.js:1:270528)
    at https://players.brightcove.net/6415803236001/E5QC8bmgG_default/index.min.js:1:272325
    at https://players.brightcove.net/6415803236001/E5QC8bmgG_default/index.min.js:1:76183
    at Array.reduce (<anonymous>)
    at Z (https://players.brightcove.net/6415803236001/E5QC8bmgG_default/index.min.js:1:76169)
    at ha.getValues (https://players.brightcove.net/6415803236001/E5QC8bmgG_default/index.min.js:1:272302)
    at Vn.updateDisplayState (https://players.brightcove.net/6415803236001/E5QC8bmgG_default/index.min.js:1:202930)
    at Vn.updateForTrack (https://players.brightcove.net/6415803236001/E5QC8bmgG_default/index.min.js:1:204857)
    at Vn.updateDisplay (https://players.brightcove.net/6415803236001/E5QC8bmgG_default/index.min.js:1:201742)
    at S.i (https://players.brightcove.net/6415803236001/E5QC8bmgG_default/index.min.js:1:199713) @ https://players.brightcove.net/6415803236001/E5QC8bmgG_default/index.min.js:0
[   10086ms] [ERROR] Failed to load resource: net::ERR_CONNECTION_REFUSED @ https://metrics.brightcove.com/v2/tracker?domain=videocloud&platform=video-js&session=c26e032567ddc21f4277b6c5&player_mode=media&account=6415803236001&destination=https%3A%2F%2Fwww.janushenderson.com%2Fen-us%2Foffshore%2Fproduct%2Fjanus-henderson-horizon-global-technology-leaders-fund%2F%3Fidentifier%3DLU0070992663&platform_version=7.44.1&player=players.brightcove.com%2F6415803236001%2FE5QC8bmgG_default&player_name=JHI%20Default%20Player&source=&autoplay=false&ads_enabled=false&media_type=video&time=1785544684577&event=video_impression&video=6402222662112&video_name=GTL_SICAV_Q2_2026&reference_id=6402222662112&custom_fields=%5Bobject%20Object%5D&video_data=%5Bobject%20Object%5D&video_ads_supported=true&tags=captionhub&video_duration=416&media_url=https%3A%2F%2Fmanifest.prod.boltdns.net%2Fmanifest%2Fv2%2Fhls%2Fv7%2Faes128%2Favc1_mp4a%2F6415803236001%2F1a4d5f7b-36e6-4e2d-b785-207b303d92ed%2F6s%2Fmaster.m3u8%3Ffastly_token%3DNmE2ZDRkZmNfMjQ1OGNjYWExZGM5ZjU2ZjYxZmYwNDA2ZWM2MDc3NTY1MDQyMmFjYzhmMDExY2ZhY2QyNzgxOTIxYzcxNDNiZA%253D%253D&qos.content.sourceMimeType=application%2Fvnd.apple.mpegurl&seq=5_0&preload=auto:0
[   10186ms] [ERROR] Failed to load resource: net::ERR_CONNECTION_REFUSED @ https://metrics.brightcove.com/v2/tracker?domain=videocloud&platform=video-js&session=4a9cf09eaaf3e90e16ff3fac&player_mode=media&account=6415803236001&destination=https%3A%2F%2Fwww.janushenderson.com%2Fen-us%2Foffshore%2Fproduct%2Fjanus-henderson-horizon-global-technology-leaders-fund%2F%3Fidentifier%3DLU0070992663&platform_version=7.44.1&player=players.brightcove.com%2F6415803236001%2FE5QC8bmgG_default&player_name=JHI%20Default%20Player&source=&autoplay=false&ads_enabled=false&media_type=video&time=1785544684798&event=video_impression&video=6347662015112&video_name=Richard%20Clode%202023%20-%20EMEA%2FLatAm&reference_id=SziU8JMhquEVZqMZDFfU77&custom_fields=%5Bobject%20Object%5D&video_data=%5Bobject%20Object%5D&video_ads_supported=true&tags=&video_duration=237&media_url=https%3A%2F%2Fmanifest.prod.boltdns.net%2Fmanifest%2Fv2%2Fhls%2Fv7%2Faes128%2Favc1_mp4a%2F6415803236001%2Fd0da3478-cdeb-4ad5-ab66-bd0cf6281732%2F6s%2Fmaster.m3u8%3Ffastly_token%3DNmE2ZDRkZmRfMmM3OTkxNmEyMzI4YTAxYjllZjEzOTM2ZGJjZDQwODE3Y2NkNjUzZTNjMzVlZWM4YzdmMzMzOWE0YWEyNzMzMQ%253D%253D&qos.content.sourceMimeType=application%2Fvnd.apple.mpegurl&seq=4_0&preload=auto:0
[   11252ms] [ERROR] VIDEOJS: ERROR: TypeError: Cannot read properties of null (reading 'options')
    at ua (https://players.brightcove.net/6415803236001/E5QC8bmgG_default/index.min.js:1:270528)
    at https://players.brightcove.net/6415803236001/E5QC8bmgG_default/index.min.js:1:272325
    at https://players.brightcove.net/6415803236001/E5QC8bmgG_default/index.min.js:1:76183
    at Array.reduce (<anonymous>)
    at Z (https://players.brightcove.net/6415803236001/E5QC8bmgG_default/index.min.js:1:76169)
    at ha.getValues (https://players.brightcove.net/6415803236001/E5QC8bmgG_default/index.min.js:1:272302)
    at Vn.updateDisplayState (https://players.brightcove.net/6415803236001/E5QC8bmgG_default/index.min.js:1:202930)
    at Vn.updateForTrack (https://players.brightcove.net/6415803236001/E5QC8bmgG_default/index.min.js:1:204857)
    at Vn.updateDisplay (https://players.brightcove.net/6415803236001/E5QC8bmgG_default/index.min.js:1:201742)
    at S.i (https://players.brightcove.net/6415803236001/E5QC8bmgG_default/index.min.js:1:199713) @ https://players.brightcove.net/6415803236001/E5QC8bmgG_default/index.min.js:0
[   11257ms] [ERROR] VIDEOJS: ERROR: TypeError: Cannot read properties of null (reading 'options')
    at ua (https://players.brightcove.net/6415803236001/E5QC8bmgG_default/index.min.js:1:270528)
    at https://players.brightcove.net/6415803236001/E5QC8bmgG_default/index.min.js:1:272325
    at https://players.brightcove.net/6415803236001/E5QC8bmgG_default/index.min.js:1:76183
    at Array.reduce (<anonymous>)
    at Z (https://players.brightcove.net/6415803236001/E5QC8bmgG_default/index.min.js:1:76169)
    at ha.getValues (https://players.brightcove.net/6415803236001/E5QC8bmgG_default/index.min.js:1:272302)
    at Vn.updateDisplayState (https://players.brightcove.net/6415803236001/E5QC8bmgG_default/index.min.js:1:202930)
    at Vn.updateForTrack (https://players.brightcove.net/6415803236001/E5QC8bmgG_default/index.min.js:1:204857)
    at Vn.updateDisplay (https://players.brightcove.net/6415803236001/E5QC8bmgG_default/index.min.js:1:201742)
    at S.i (https://players.brightcove.net/6415803236001/E5QC8bmgG_default/index.min.js:1:199713) @ https://players.brightcove.net/6415803236001/E5QC8bmgG_default/index.min.js:0
[   11994ms] [ERROR] VIDEOJS: ERROR: TypeError: Cannot read properties of null (reading 'options')
    at ua (https://players.brightcove.net/6415803236001/E5QC8bmgG_default/index.min.js:1:270528)
    at https://players.brightcove.net/6415803236001/E5QC8bmgG_default/index.min.js:1:272325
    at https://players.brightcove.net/6415803236001/E5QC8bmgG_default/index.min.js:1:76183
    at Array.reduce (<anonymous>)
    at Z (https://players.brightcove.net/6415803236001/E5QC8bmgG_default/index.min.js:1:76169)
    at ha.getValues (https://players.brightcove.net/6415803236001/E5QC8bmgG_default/index.min.js:1:272302)
    at Vn.updateDisplayState (https://players.brightcove.net/6415803236001/E5QC8bmgG_default/index.min.js:1:202930)
    at Vn.updateForTrack (https://players.brightcove.net/6415803236001/E5QC8bmgG_default/index.min.js:1:204857)
    at Vn.updateDisplay (https://players.brightcove.net/6415803236001/E5QC8bmgG_default/index.min.js:1:201742)
    at S.i (https://players.brightcove.net/6415803236001/E5QC8bmgG_default/index.min.js:1:199713) @ https://players.brightcove.net/6415803236001/E5QC8bmgG_default/index.min.js:0
