[    3539ms] [ERROR] Failed to load resource: net::ERR_NETWORK_CHANGED @ https://static.amundi.com/sites/default/files/awf-static/amundi-retail/css/css_dr5rIxDZkH3cy6jLR5LT_rAcnw8W3pSnLsduyKKV63g.css?delta=0&language=zh-hant&theme=mosaic_relifted_theme&include=eJx9kGtuxCAMhC9EwpGQA05iLWCEzba5fVFSNq36-APM5xHyDKSWA7mKkValvFk4wbRTCJinFbxyPQz8b3vxKWDi4RaE6vdhvdQUaTELqmJ1-F5YMLiVYpdiN8xYIZqFWUUrFFegwtYfu9gXnG5oluJEQUmUfLeU6VbGc0UbaisQ50AQeTPYnGd-EPYrlUiQPdrfoAu4QotqIhzc1AUSz0-sh-WMnqNJ2L-01-Kzh6LE2SQWIO-glJE5oUKG55hcNfXEumPCYbrLEz0iDvM3zzX5UsdnsJvMLZe2RJIdg7m67puQg6Z8BkNF-wc3wr435M5ULlJ-iP2J5nMjI4coJruAoHkSvok9zzlxaBE_ANwX6UY:0
[    3539ms] [ERROR] Failed to load resource: net::ERR_NETWORK_CHANGED @ https://static.amundi.com/sites/default/files/awf-static/amundi-retail/css/css_wrW9rJRqXnz6P29mBrVL8pF58XMKoyI2ZgWjbDKePtA.css?delta=2&language=zh-hant&theme=mosaic_relifted_theme&include=eJx9kGtuxCAMhC9EwpGQA05iLWCEzba5fVFSNq36-APM5xHyDKSWA7mKkValvFk4wbRTCJinFbxyPQz8b3vxKWDi4RaE6vdhvdQUaTELqmJ1-F5YMLiVYpdiN8xYIZqFWUUrFFegwtYfu9gXnG5oluJEQUmUfLeU6VbGc0UbaisQ50AQeTPYnGd-EPYrlUiQPdrfoAu4QotqIhzc1AUSz0-sh-WMnqNJ2L-01-Kzh6LE2SQWIO-glJE5oUKG55hcNfXEumPCYbrLEz0iDvM3zzX5UsdnsJvMLZe2RJIdg7m67puQg6Z8BkNF-wc3wr435M5ULlJ-iP2J5nMjI4coJruAoHkSvok9zzlxaBE_ANwX6UY:0
[    3539ms] [ERROR] Failed to load resource: net::ERR_NETWORK_CHANGED @ https://static.amundi.com/metanav/metanav.css:0
[    3539ms] [ERROR] Failed to load resource: net::ERR_NETWORK_CHANGED @ https://static.amundi.com/sites/default/files/awf-static/amundi-retail/css/css_XEV05-Zrrq-b88JGqGB903P7RkIa5yB4VzDvCFd9Ddk.css?delta=4&language=zh-hant&theme=mosaic_relifted_theme&include=eJx9kGtuxCAMhC9EwpGQA05iLWCEzba5fVFSNq36-APM5xHyDKSWA7mKkValvFk4wbRTCJinFbxyPQz8b3vxKWDi4RaE6vdhvdQUaTELqmJ1-F5YMLiVYpdiN8xYIZqFWUUrFFegwtYfu9gXnG5oluJEQUmUfLeU6VbGc0UbaisQ50AQeTPYnGd-EPYrlUiQPdrfoAu4QotqIhzc1AUSz0-sh-WMnqNJ2L-01-Kzh6LE2SQWIO-glJE5oUKG55hcNfXEumPCYbrLEz0iDvM3zzX5UsdnsJvMLZe2RJIdg7m67puQg6Z8BkNF-wc3wr435M5ULlJ-iP2J5nMjI4coJruAoHkSvok9zzlxaBE_ANwX6UY:0
[    3539ms] [ERROR] Failed to load resource: net::ERR_NETWORK_CHANGED @ https://static.amundi.com/sites/default/files/awf-static/amundi-retail/css/css_PpzdkzoV3IP1v9vowLID6f9X9fTJY1OpxzELelDKca4.css?delta=5&language=zh-hant&theme=mosaic_relifted_theme&include=eJx9kGtuxCAMhC9EwpGQA05iLWCEzba5fVFSNq36-APM5xHyDKSWA7mKkValvFk4wbRTCJinFbxyPQz8b3vxKWDi4RaE6vdhvdQUaTELqmJ1-F5YMLiVYpdiN8xYIZqFWUUrFFegwtYfu9gXnG5oluJEQUmUfLeU6VbGc0UbaisQ50AQeTPYnGd-EPYrlUiQPdrfoAu4QotqIhzc1AUSz0-sh-WMnqNJ2L-01-Kzh6LE2SQWIO-glJE5oUKG55hcNfXEumPCYbrLEz0iDvM3zzX5UsdnsJvMLZe2RJIdg7m67puQg6Z8BkNF-wc3wr435M5ULlJ-iP2J5nMjI4coJruAoHkSvok9zzlxaBE_ANwX6UY:0
[    3540ms] [ERROR] Failed to load resource: net::ERR_NETWORK_CHANGED @ https://static.amundi.com/sites/default/files/awf-static/amundi-retail/js/js_HVzVTd3AZ309VSWp01ftxu_rVHuAtgKuKZ3itndT4uw.js?scope=header&delta=0&language=zh-hant&theme=mosaic_relifted_theme&include=eJx9UtGSwiAM_KEin8SkkNKcgTCQav37q2I9dTxfksnuTtjZAGnJgVyRQtl6kSNhc5PUNEBnKjJNSjnaDpiZQsBsJvAq9bLLGkL1867pk8G1SMPwVcM0DiOqYnV3uZuIt7HZiBkr8BBFIqNTiDZu5X0-wA-sr2AakjQg76CU_b1Rs2GBYJJU_MAHap6BEtYPZEKFDKdnBhfT89paKkyQ_ctapnzEQNkUWpGNVvDHLcZnyXXrF_od66fYAtIZE-7WHgcyTS_8sPCi6UxPfFtNDhaVm21UtP_gQ1NQakq-2VCXAnz4Q4YT4bnZW-0HOON4_Tf23g-BgCX-AiHM7PU:0
[    3540ms] [ERROR] Failed to load resource: net::ERR_NETWORK_CHANGED @ https://static.amundi.com/metanav/metanav.min.js:0
[    3540ms] [ERROR] Failed to load resource: net::ERR_NETWORK_CHANGED @ https://tag.aticdn.net/piano-analytics.js:0
[    3541ms] ReferenceError: drupalSettings is not defined
    at https://www.amundi.com.hk/modules/contrib/google_tag/js/gtag.js?titwv2:43:4
[    3542ms] ReferenceError: drupalSettings is not defined
    at https://www.amundi.com.hk/modules/contrib/google_tag/js/gtm.js?titwv2:1:12
[    4525ms] Uncaught ReferenceError: Drupal is not defined
    at <anonymous> (https://static.amundi.com/sites/default/files/awf-static/amundi-retail/js/js_4wPsRMU8s-1i85E1BM5Sg5--r88iKKtnVmK5lsrAGjo.js?scope=footer&delta=0&language=zh-hant&theme=mosaic_relifted_theme&include=eJx9UtGSwiAM_KEin8SkkNKcgTCQav37q2I9dTxfksnuTtjZAGnJgVyRQtl6kSNhc5PUNEBnKjJNSjnaDpiZQsBsJvAq9bLLGkL1867pk8G1SMPwVcM0DiOqYnV3uZuIt7HZiBkr8BBFIqNTiDZu5X0-wA-sr2AakjQg76CU_b1Rs2GBYJJU_MAHap6BEtYPZEKFDKdnBhfT89paKkyQ_ctapnzEQNkUWpGNVvDHLcZnyXXrF_od66fYAtIZE-7WHgcyTS_8sPCi6UxPfFtNDhaVm21UtP_gQ1NQakq-2VCXAnz4Q4YT4bnZW-0HOON4_Tf23g-BgCX-AiHM7PU:200:162666)
    at <anonymous> (https://static.amundi.com/sites/default/files/awf-static/amundi-retail/js/js_4wPsRMU8s-1i85E1BM5Sg5--r88iKKtnVmK5lsrAGjo.js?scope=footer&delta=0&language=zh-hant&theme=mosaic_relifted_theme&include=eJx9UtGSwiAM_KEin8SkkNKcgTCQav37q2I9dTxfksnuTtjZAGnJgVyRQtl6kSNhc5PUNEBnKjJNSjnaDpiZQsBsJvAq9bLLGkL1867pk8G1SMPwVcM0DiOqYnV3uZuIt7HZiBkr8BBFIqNTiDZu5X0-wA-sr2AakjQg76CU_b1Rs2GBYJJU_MAHap6BEtYPZEKFDKdnBhfT89paKkyQ_ctapnzEQNkUWpGNVvDHLcZnyXXrF_od66fYAtIZE-7WHgcyTS_8sPCi6UxPfFtNDhaVm21UtP_gQ1NQakq-2VCXAnz4Q4YT4bnZW-0HOON4_Tf23g-BgCX-AiHM7PU:200:166921)
[    4528ms] ReferenceError: Drupal is not defined
    at https://www.amundi.com.hk/modules/custom/mosaic_app/libraries/js/metanav_custom.js?v=1.x:19:4
[    5579ms] [ERROR] Failed to load resource: net::ERR_CONNECTION_REFUSED @ https://px.ads.linkedin.com/attribution_trigger?pid=3218276&time=1785223537917&url=https%3A%2F%2Fwww.amundi.com.hk%2Fzh_retail:0
[    5579ms] [ERROR] Failed to load resource: net::ERR_CONNECTION_REFUSED @ https://px.ads.linkedin.com/collect?v=2&fmt=js&pid=3218276&time=1785223537917&li_adsId=98d693a0-718b-4d33-aeb6-b926380d1c7e&url=https%3A%2F%2Fwww.amundi.com.hk%2Fzh_retail:0
[    5584ms] [ERROR] Failed to load resource: net::ERR_CONNECTION_REFUSED @ https://px.ads.linkedin.com/attribution_trigger?pid=3218276&time=1785223537917&url=https%3A%2F%2Fwww.amundi.com.hk%2Fzh_retail:0
[    5585ms] [ERROR] Failed to load resource: net::ERR_CONNECTION_REFUSED @ https://px.ads.linkedin.com/wa/?medium=fetch&fmt=g:0
[    5587ms] [ERROR] Failed to load resource: net::ERR_CONNECTION_REFUSED @ https://px.ads.linkedin.com/insight_tag_errors.gif?v=2&pid=3218276&error=version%3A%20308%20%7C%20WebsiteActions-308-TypeError%3A%20Failed%20to%20fetch%3B%20ErrorData%3A%20%7B%22domain%22%3A%22amundi.com.hk%22%2C%22requestFetcher%22%3A%22fetch-keepalive%22%2C%22body%22%3A%22H4sIAAAAAAAAA1WPwW7CMAyGX6XyOYWmLVBy47BBtR0mqLhME0obQy2SNGtSTRvj3aeCtGnHz%2F796fcFHCkP4jVLeZEu5m8MfNOTC3vsPXUWRJYUDAIZBMEXxSxNs1lWJMWcgeqMJAsCpBmsoknTmUl7BgZDr0FAG4LzYjr9t51%2BtYcegyQNDJw8YUVBIwjYdAZHjjZP0fYWiL6j1e30bwQMPrD2FHBHJyv1Ft8H9KFUY4kiz5a8buI0Vyo%2BYsFjvqyTuM4UT3iWN3w2Bwbkq15ar2VABeIotUcGmh7l3QIjrEnacAdDvgFxAefrXZABQcT5dbQ8kz2jKu3KuV9NiwaEHbRm4G%2F9qk83%2FvayWj8c9uWurOD6A6SPthtxAQAA%22%7D&href=https%3A%2F%2Fwww.amundi.com.hk%2Fzh_retail:0
[    5588ms] [ERROR] Failed to load resource: net::ERR_CONNECTION_REFUSED @ https://px.ads.linkedin.com/wa/?medium=beacon&fmt=g:0
