[     342ms] ReferenceError: showDFP is not defined
    at https://www.etnet.com.hk/www/tc/funds/index.php:444:34
[     342ms] ReferenceError: showDFP is not defined
    at https://www.etnet.com.hk/www/tc/funds/index.php:526:38
[     343ms] ReferenceError: showDFP is not defined
    at https://www.etnet.com.hk/www/tc/funds/index.php:539:533
[     343ms] ReferenceError: showDFP is not defined
    at https://www.etnet.com.hk/www/tc/funds/index.php:545:38
[     343ms] ReferenceError: showDFP is not defined
    at https://www.etnet.com.hk/www/tc/funds/index.php:553:68
[     344ms] ReferenceError: showDFP is not defined
    at https://www.etnet.com.hk/www/tc/funds/index.php:564:68
[     347ms] ReferenceError: showDFP is not defined
    at https://www.etnet.com.hk/www/tc/funds/index.php:623:36
[     391ms] ReferenceError: showDFP is not defined
    at https://www.etnet.com.hk/www/tc/funds/index.php:1764:33
[     529ms] [ERROR] Failed to load resource: net::ERR_CONNECTION_REFUSED @ https://analytics.google.com/g/collect?v=2&tid=G-N6M9V8FPB0&gtm=45je67t1v887117615z878010444za20gzb78010444zd78010444&_p=1785471621749&gcd=13l3l3l3l1l1&npa=0&dma=0&_eu=AAAAAGQ&are=1&cid=1627240343.1785471521&frm=0&pscdl=noapi&rcb=18&sr=800x600&uaa=x86&uab=64&uafvl=Not%253BA%253DBrand%3B8.0.0.0%7CChromium%3B150.0.7871.186%7CGoogle%2520Chrome%3B150.0.7871.186&uam=&uamb=0&uap=Linux&uapv=&uaw=0&ul=en-us&gaf=2&_s=1&tag_exp=115938466~115938469~118897920~118897930~119896803~120125305~120222307&sid=1785471520&sct=1&seg=1&dl=https%3A%2F%2Fwww.etnet.com.hk%2Fwww%2Ftc%2Ffunds%2Findex.php&dt=%E5%9F%BA%E9%87%91%20Fund%20-%20%E5%9F%BA%E9%87%91%E6%8A%95%E8%B3%87%20-%20etnet%20%E7%B6%93%E6%BF%9F%E9%80%9A%7C%E9%A6%99%E6%B8%AF%E6%96%B0%E8%81%9E%E8%B2%A1%E7%B6%93%E8%B3%87%E8%A8%8A%E5%92%8C%E7%94%9F%E6%B4%BB%E5%B9%B3%E5%8F%B0&en=page_view&_c=1&tfd=512:0
[    1461ms] [ERROR] Failed to load resource: net::ERR_CONNECTION_REFUSED @ https://px.ads.linkedin.com/attribution_trigger?pid=9648460&time=1785471621955&url=https%3A%2F%2Fwww.etnet.com.hk%2Fwww%2Ftc%2Ffunds%2Findex.php:0
[    1461ms] [ERROR] Failed to load resource: net::ERR_CONNECTION_REFUSED @ https://px.ads.linkedin.com/collect?v=2&fmt=js&pid=9648460&time=1785471621955&li_adsId=4f2b13af-014d-4e4b-a07a-01326c9aa9c0&url=https%3A%2F%2Fwww.etnet.com.hk%2Fwww%2Ftc%2Ffunds%2Findex.php:0
[    1461ms] [ERROR] Failed to load resource: net::ERR_CONNECTION_REFUSED @ https://anymind360.com/js/897/ats.js:0
[    1470ms] [ERROR] Failed to load resource: net::ERR_CONNECTION_REFUSED @ https://px.ads.linkedin.com/attribution_trigger?pid=9648460&time=1785471621955&url=https%3A%2F%2Fwww.etnet.com.hk%2Fwww%2Ftc%2Ffunds%2Findex.php:0
[    1472ms] [ERROR] Failed to load resource: net::ERR_CONNECTION_REFUSED @ https://px.ads.linkedin.com/wa/?medium=fetch&fmt=g:0
[    1473ms] [ERROR] Failed to load resource: net::ERR_CONNECTION_REFUSED @ https://px.ads.linkedin.com/insight_tag_errors.gif?v=2&pid=9648460&error=version%3A%20308%20%7C%20WebsiteActions-308-TypeError%3A%20Failed%20to%20fetch%3B%20ErrorData%3A%20%7B%22domain%22%3A%22etnet.com.hk%22%2C%22requestFetcher%22%3A%22fetch-keepalive%22%2C%22body%22%3A%22H4sIAAAAAAAAA03QT0sCQRjH8bciz3nWVdt1t7l1qBA6REqXiBh3ns3B3XFyZrGooE5CBFFWUIekS3RLMqI%2Fh16N6%2FouyoTo%2BOWBDz%2BefVCCa6Ab82XHd8qFTQI6aAtl1rGtRUsCnSv4BIyIEWjR813HK5ZLJd%2BbJ8BbMRMSKKCRaPJBK843mkAgaUdAoWGM0tS2%2Fx%2FtTqdjm8AOE8m1LSTH3bxqKCCg2DbWhInwhxv1Pybd89xSInnOys0qPbnKht2f%2FOVy49de%2BtWfHN0eTB5u0ren9HqQHd9lz%2Ffj11427GaPJ6OL0%2FFlP335HL0PR2cDINDBuhYGq2JbsmgNdxLUpsKBAis6LnLPscKwWLcc1y1Ygedyyy2EvuN7pbLLfSAgdK3NpI6YQQ40ZJFGApFYYjMFprEsmDSziIUOgO6D0vWqYQaBWs7hVFkRsom8IheU%2BmMaGAOVSRQR0L%2F7antq%2BorVheXFrfVKtVKDw2%2FvHHxsqwEAAA%3D%3D%22%7D&href=https%3A%2F%2Fwww.etnet.com.hk%2Fwww%2Ftc%2Ffunds%2Findex.php:0
[    1474ms] [ERROR] Failed to load resource: net::ERR_CONNECTION_REFUSED @ https://px.ads.linkedin.com/wa/?medium=beacon&fmt=g:0
[    2779ms] [ERROR] Failed to load resource: net::ERR_NETWORK_CHANGED @ https://img.etnet.com.hk/column/images/stories/109/2025/09/t20250925youtubemembership1200x628.jpg:0
[    2779ms] [ERROR] Failed to load resource: net::ERR_NETWORK_CHANGED @ https://img.etnet.com.hk/cover/diva/fashion/fashionfeature/2026/07/20260707Diva_04Fashion_s.jpg:0
[    2780ms] [ERROR] Failed to load resource: net::ERR_NETWORK_CHANGED @ https://img.etnet.com.hk/cover/diva/fashion_and_beauty/beautyfeature/2026/07/DIVA20260722BeautySS_s.jpg:0
[    2780ms] [ERROR] Failed to load resource: net::ERR_NETWORK_CHANGED @ https://img.etnet.com.hk/cover/diva/fashion_and_beauty/beautyfeature/2026/07/diva20260728bbss_s.png:0
[    2780ms] [ERROR] Failed to load resource: net::ERR_NETWORK_CHANGED @ https://img.etnet.com.hk/cover/diva/art/artfeature/2026/07/DIVA20260716ARTSS_s.jpg:0
[    2781ms] [ERROR] Failed to load resource: net::ERR_NETWORK_CHANGED @ https://img.etnet.com.hk/cover/diva/beauty/beautyfeature/2026/07/diva20260708beautymakeupss_s.jpg:0
[    2781ms] [ERROR] Failed to load resource: net::ERR_NETWORK_CHANGED @ https://img.etnet.com.hk/cover/diva/art/janicechiu/2026/07/diva20260703janicetravelss_s.jpg:0
[    2782ms] [ERROR] Failed to load resource: net::ERR_NETWORK_CHANGED @ https://img.etnet.com.hk/profile/commentary/NelsonChow_AB.jpg:0
[    2782ms] [ERROR] Failed to load resource: net::ERR_NETWORK_CHANGED @ https://img.etnet.com.hk/cover/diva/travel/travelfeature/2026/07/diva20260710travelseass_s.jpg:0
[    2783ms] [ERROR] Failed to load resource: net::ERR_NETWORK_CHANGED @ https://img.etnet.com.hk/cover/diva/beauty/beautyfeature/2026/07/DIVA20260717MUSS_s.jpg:0
[    2783ms] [ERROR] Failed to load resource: net::ERR_NETWORK_CHANGED @ https://img.etnet.com.hk/cover/diva/watch/watchfeature/2026/07/diva20260703watchfeaturess_s.jpg:0
[    2784ms] [ERROR] Failed to load resource: net::ERR_NETWORK_CHANGED @ https://img.etnet.com.hk/cover/diva/beauty/beautyfeature/2026/07/DIVA20260710BeautySS_s.jpg:0
[    2784ms] [ERROR] Failed to load resource: net::ERR_NETWORK_CHANGED @ https://img.etnet.com.hk/cover/lifestyle/fashion/fashionfeature/2026/07/DIVA20260702fashionSS_s.jpg:0
[    2784ms] [ERROR] Failed to load resource: net::ERR_NETWORK_CHANGED @ https://img.etnet.com.hk/cover/diva/art/artfeature/2026/07/DIVA20260717ARTSS_s.jpg:0
[    2785ms] [ERROR] Failed to load resource: net::ERR_NETWORK_CHANGED @ https://img.etnet.com.hk/cover/diva/watch/watchfeature/2026/07/diva20260717moonswatchss_s.png:0
[    6195ms] [ERROR] Failed to load resource: net::ERR_CONNECTION_REFUSED @ https://www.google-analytics.com/g/collect?v=2&tid=G-X368LXK8FS&gtm=45je67u0h2v894249237za200zb78010444zd78010444&_p=1785471621749&gcd=13l3l3l3l1l1&npa=0&dma=0&_eu=AAAAAAQ&_fid=cy_U3ShqC7Ki8RCvR2tGBJ&are=1&cid=1627240343.1785471521&frm=0&ngs=1&pscdl=noapi&rcb=14&sr=800x600&uaa=x86&uab=64&uafvl=Not%253BA%253DBrand%3B8.0.0.0%7CChromium%3B150.0.7871.186%7CGoogle%2520Chrome%3B150.0.7871.186&uam=&uamb=0&uap=Linux&uapv=&uaw=0&ul=en-us&_s=1&tag_exp=115938466~115938469~118897920~118897930~119896803~120222307&sid=1785471523&sct=1&seg=1&dl=https%3A%2F%2Fwww.etnet.com.hk%2Fwww%2Ftc%2Ffunds%2Findex.php&dt=%E5%9F%BA%E9%87%91%20Fund%20-%20%E5%9F%BA%E9%87%91%E6%8A%95%E8%B3%87%20-%20etnet%20%E7%B6%93%E6%BF%9F%E9%80%9A%7C%E9%A6%99%E6%B8%AF%E6%96%B0%E8%81%9E%E8%B2%A1%E7%B6%93%E8%B3%87%E8%A8%8A%E5%92%8C%E7%94%9F%E6%B4%BB%E5%B9%B3%E5%8F%B0&en=page_view&_ee=1&ep.origin=firebase&tfd=6032:0
[    7954ms] [ERROR] Failed to load resource: net::ERR_CONNECTION_REFUSED @ https://analytics.google.com/g/collect?v=2&tid=G-N6M9V8FPB0&gtm=45je67t1v887117615z878010444za20gzb78010444zd78010444&_p=1785471621749&gcd=13l3l3l3l1l1&npa=0&dma=0&_eu=AAAAAGQ&are=1&cid=1627240343.1785471521&frm=0&pscdl=noapi&rcb=18&sr=800x600&uaa=x86&uab=64&uafvl=Not%253BA%253DBrand%3B8.0.0.0%7CChromium%3B150.0.7871.186%7CGoogle%2520Chrome%3B150.0.7871.186&uam=&uamb=0&uap=Linux&uapv=&uaw=0&ul=en-us&gaf=2&_s=2&tag_exp=115938466~115938469~118897920~118897930~119896803~120125305~120222307&sid=1785471520&sct=1&seg=1&dl=https%3A%2F%2Fwww.etnet.com.hk%2Fwww%2Ftc%2Ffunds%2Findex.php&dt=%E5%9F%BA%E9%87%91%20Fund%20-%20%E5%9F%BA%E9%87%91%E6%8A%95%E8%B3%87%20-%20etnet%20%E7%B6%93%E6%BF%9F%E9%80%9A%7C%E9%A6%99%E6%B8%AF%E6%96%B0%E8%81%9E%E8%B2%A1%E7%B6%93%E8%B3%87%E8%A8%8A%E5%92%8C%E7%94%9F%E6%B4%BB%E5%B9%B3%E5%8F%B0&en=scroll&ep.event_label=scroll-10%25&ep.event_category=main&ep.event_page_path=tc%7Cfunds%7Cindex&_et=2277&tfd=7791:0
