[    4005ms] [LOG] JQMIGRATE: Migrate is installed, version 3.4.1 @ https://www.janushenderson.com/wp-includes/js/jquery/jquery-migrate.min.js?ver=3.4.1:1
[    4178ms] [ERROR] Failed to load resource: net::ERR_CONNECTION_REFUSED @ https://siteimproveanalytics.com/js/siteanalyze_6002966.js:0
[    4195ms] [ERROR] Access to XMLHttpRequest at 'https://geolocation.onetrust.com/cookieconsentpub/v1/geo/location' from origin 'https://www.janushenderson.com' has been blocked by CORS policy: No 'Access-Control-Allow-Origin' header is present on the requested resource. @ https://www.janushenderson.com/zh-hk/:0
[    4203ms] [ERROR] Failed to load resource: net::ERR_FAILED @ https://geolocation.onetrust.com/cookieconsentpub/v1/geo/location:0
[    4336ms] [ERROR] Failed to load resource: net::ERR_CONNECTION_REFUSED @ https://stats.wp.com/e-202631.js:0
[    4755ms] [WARNING] VIDEOJS: WARN: videojs.mergeOptions is deprecated and will be removed in 9.0; please use videojs.obj.merge instead. @ https://players.brightcove.net/6415803236001/E5QC8bmgG_default/index.min.js:0
[    4816ms] [LOG] Product Search view.js loaded! @ https://www.janushenderson.com/wp-content/plugins/janushenderson-custom-blocks/build/product-search/view.js?ver=1778610225:0
[    4824ms] TypeError: Cannot read properties of null (reading 'addEventListener')
    at https://www.janushenderson.com/zh-hk/:6143:18
[    4826ms] [LOG] No product search blocks found on this page. @ https://www.janushenderson.com/wp-content/plugins/janushenderson-custom-blocks/build/product-search/view.js?ver=1778610225:0
[    4855ms] [WARNING] jQuery.Deferred exception: Cannot read properties of undefined (reading 'top') TypeError: Cannot read properties of undefined (reading 'top')
    at HTMLDocument.<anonymous> (https://www.janushenderson.com/wp-content/themes/janus-henderson-mu-child/dist/js/main.min.js?ver=1785188388:38:375)
    at e (https://www.janushenderson.com/wp-includes/js/jquery/jquery.min.js?ver=3.7.1:2:27028)
    at t (https://www.janushenderson.com/wp-includes/js/jquery/jquery.min.js?ver=3.7.1:2:27330) undefined @ https://www.janushenderson.com/wp-includes/js/jquery/jquery.min.js?ver=3.7.1:1
[    4884ms] TypeError: Cannot read properties of undefined (reading 'top')
    at HTMLDocument.<anonymous> (https://www.janushenderson.com/wp-content/themes/janus-henderson-mu-child/dist/js/main.min.js?ver=1785188388:38:375)
    at e (https://www.janushenderson.com/wp-includes/js/jquery/jquery.min.js?ver=3.7.1:2:27028)
    at t (https://www.janushenderson.com/wp-includes/js/jquery/jquery.min.js?ver=3.7.1:2:27330)
[    4920ms] [ERROR] Failed to load resource: net::ERR_CONNECTION_REFUSED @ https://metrics.brightcove.com/v2/tracker?domain=videocloud&platform=video-js&session=7d80bd4afd5513f2d5c6f2e5&player_mode=media&account=6415803236001&destination=https%3A%2F%2Fwww.janushenderson.com%2Fzh-hk%2F&platform_version=7.44.1&player=players.brightcove.com%2F6415803236001%2FE5QC8bmgG_default&player_name=JHI%20Default%20Player&source=&event=player_init&time=1785223482572&autoplay=false&seq=0:0
[    4920ms] [ERROR] Failed to load resource: net::ERR_CONNECTION_REFUSED @ https://metrics.brightcove.com/v2/tracker?domain=videocloud&platform=video-js&session=7d80bd4afd5513f2d5c6f2e5&player_mode=media&account=6415803236001&destination=https%3A%2F%2Fwww.janushenderson.com%2Fzh-hk%2F&platform_version=7.44.1&player=players.brightcove.com%2F6415803236001%2FE5QC8bmgG_default&player_name=JHI%20Default%20Player&source=&autoplay=false&ads_enabled=false&usage=thumbnails!7.44.1%2CbcGtm!7.44.1%2CqualityLevels!4.1.0%2CqualityMenu!1.0.4%2Ccaptions!%2Cinpage-embed&event=player_load&time=1785223482621&qos.events.content.volumechange=1785223482589&qos.performance.memory.jsHeapSizeLimit=4395630592&qos.performance.memory.usedJSHeapSize=28922909&qos.performance.memory.totalJSHeapSize=48733893&qos.performance.navigation.redirectCount=2&qos.performance.navigation.type=0&qos.performance.navigation.directedMigration=false&qos.performance.timing.loadEventEnd=0&qos.performance.timing.loadEventStart=0&qos.performance.timing.domComplete=0&qos.performance.timing.domContentLoadedEventEnd=0&qos.performance.timing.domContentLoadedEventStart=0&qos.performance.timing.domInteractive=0&qos.performance.timing.domLoading=1785223481796&qos.performance.timing.responseEnd=1785223481978&qos.performance.timing.responseStart=1785223481786&qos.performance.timing.requestStart=1785223480470&qos.performance.timing.secureConnectionStart=0&qos.performance.timing.connectEnd=1785223480470&qos.performance.timing.connectStart=1785223480470&qos.performance.timing.domainLookupEnd=1785223480470&qos.performance.timing.domainLookupStart=1785223480470&qos.performance.timing.fetchStart=1785223480470&qos.performance.timing.redirectEnd=1785223480470&qos.performance.timing.redirectStart=1785223477827&qos.performance.timing.unloadEventEnd=1785223481792&qos.performance.timing.unloadEventStart=1785223481792&qos.performance.timing.navigationStart=1785223477826&qos.player.dimensions=%5B%5B1785223482621%2C%220x0%22%2C%22492.766x277.172%22%5D%5D&qos.player.pixelratio=%5B%5B1785223482621%2C1%5D%5D&qos.player.screendimensions=%5B%5B1785223482621%2C%22800x600%22%5D%5D&seq=2:0
[    4920ms] [ERROR] Failed to load resource: net::ERR_CONNECTION_REFUSED @ https://metrics.brightcove.com/v2/tracker?domain=videocloud&platform=video-js&session=7d80bd4afd5513f2d5c6f2e5&player_mode=media&account=6415803236001&destination=https%3A%2F%2Fwww.janushenderson.com%2Fzh-hk%2F&platform_version=7.44.1&player=players.brightcove.com%2F6415803236001%2FE5QC8bmgG_default&player_name=JHI%20Default%20Player&source=&event=catalog_request&url=https%3A%2F%2Fedge.api.brightcove.com%2Fplayback%2Fv1%2Faccounts%2F6415803236001%2Fvideos%2F6389780956112&time=1785223482579&autoplay=false&seq=1:0
[    5041ms] [ERROR] Failed to load resource: the server responded with a status of 401 () @ https://edge.api.brightcove.com/playback/v1/accounts/6415803236001/videos/6389780956112:0
[    5043ms] [ERROR] VIDEOJS: ERROR: (CODE:VIDEO_CLOUD_ERR_UNKNOWN undefined)  t @ https://players.brightcove.net/6415803236001/E5QC8bmgG_default/index.min.js:0
[    5058ms] [ERROR] Failed to load resource: net::ERR_CONNECTION_REFUSED @ https://metrics.brightcove.com/v2/tracker?domain=videocloud&platform=video-js&session=7d80bd4afd5513f2d5c6f2e5&player_mode=media&account=6415803236001&destination=https%3A%2F%2Fwww.janushenderson.com%2Fzh-hk%2F&platform_version=7.44.1&player=players.brightcove.com%2F6415803236001%2FE5QC8bmgG_default&player_name=JHI%20Default%20Player&source=&autoplay=false&ads_enabled=false&event=catalog_request_error&url=https%3A%2F%2Fedge.api.brightcove.com%2Fplayback%2Fv1%2Faccounts%2F6415803236001%2Fvideos%2F6389780956112&time=1785223482864&seq=3&error=%7B%22message%22%3A%22Request%20Failed%22%2C%22status%22%3A401%7D:0
[    5058ms] [ERROR] Failed to load resource: net::ERR_CONNECTION_REFUSED @ https://metrics.brightcove.com/v2/tracker?domain=videocloud&platform=video-js&session=7d80bd4afd5513f2d5c6f2e5&player_mode=media&account=6415803236001&destination=https%3A%2F%2Fwww.janushenderson.com%2Fzh-hk%2F&platform_version=7.44.1&player=players.brightcove.com%2F6415803236001%2FE5QC8bmgG_default&player_name=JHI%20Default%20Player&source=&autoplay=false&ads_enabled=false&event=error&video=6389780956112&video_data=%5Bobject%20Object%5D&video_ads_supported=false&media_url=&time=1785223482866&seq=4_-1&error_code=VIDEO_CLOUD_ERR_UNKNOWN:0
[   11435ms] [ERROR] Failed to load resource: net::ERR_NETWORK_CHANGED @ https://cdn77.api.userway.org/api/img-dscr/v2/rHsnVtYoQh/3125634/DOMxPbyqmD0EM2qQ/alts.json?dto=%7B%22sorted%22%3A%5B%7B%22src%22%3A%22https%3A%2F%2Fjanushenderson.bynder.com%2Ftransform%2F3136e87a-d57f-4c2c-ade6-9f31c82faa99%2FJanusHenderson_Logo_CMYK_White%22%2C%22alt%22%3A%22Janus%20Henderson%20Investors%20Logo%22%2C%22dir%22%3A%22RO%22%7D%2C%7B%22src%22%3A%22https%3A%2F%2Fjanushenderson.bynder.com%2Ftransform%2F62dded25-aeee-4115-a193-833f13ea1774%2FGetty-475606826-jpg%22%2C%22alt%22%3A%22people%20walking%20towards%20building.%22%2C%22dir%22%3A%22RO%22%7D%5D%2C%22tier%22%3A%22PAID_QUOTA_TIER%22%2C%22pageUrl%22%3A%22https%3A%2F%2Fwww.janushenderson.com%2Fzh-hk%2F%22%7D:0
[   11435ms] [ERROR] Get missing alts error:  TypeError: Failed to fetch
    at https://cdn.userway.org/remediation/2026-07-07-10-43-48/paid/remediation-tool.js?ts=1783421028734:1:64373
    at Generator.next (<anonymous>)
    at https://cdn.userway.org/remediation/2026-07-07-10-43-48/paid/remediation-tool.js?ts=1783421028734:1:1081
    at new Promise (<anonymous>)
    at __async (https://cdn.userway.org/remediation/2026-07-07-10-43-48/paid/remediation-tool.js?ts=1783421028734:1:901)
    at ho (https://cdn.userway.org/remediation/2026-07-07-10-43-48/paid/remediation-tool.js?ts=1783421028734:1:64222)
    at https://cdn.userway.org/remediation/2026-07-07-10-43-48/paid/remediation-tool.js?ts=1783421028734:1:69181
    at Generator.next (<anonymous>)
    at https://cdn.userway.org/remediation/2026-07-07-10-43-48/paid/remediation-tool.js?ts=1783421028734:1:1081
    at new Promise (<anonymous>) @ https://cdn.userway.org/remediation/2026-07-07-10-43-48/paid/remediation-tool.js?ts=1783421028734:0
