[    1585ms] [ERROR] Failed to load resource: the server responded with a status of 404 (Not Found) @ https://www.etnet.com.hk/www/common/images/arrow_up2.gif:0
[    1682ms] ReferenceError: renderAds is not defined
    at https://www.etnet.com.hk/www/tc/home/index.php:1509:207
[    1682ms] ReferenceError: renderAds is not defined
    at https://www.etnet.com.hk/www/tc/home/index.php:1509:502
[    1809ms] [ERROR] Failed to load resource: the server responded with a status of 400 () @ https://cognito-identity.ap-east-1.amazonaws.com/:0
[    1833ms] ReferenceError: renderAds is not defined
    at https://www.etnet.com.hk/www/tc/home/index.php:1728:5172
[    1833ms] ReferenceError: renderAds is not defined
    at https://www.etnet.com.hk/www/tc/home/index.php:1751:269
[    1833ms] ReferenceError: renderAds is not defined
    at https://www.etnet.com.hk/www/tc/home/index.php:1751:5908
[    1833ms] ReferenceError: renderAds is not defined
    at https://www.etnet.com.hk/www/tc/home/index.php:1751:6400
[    1833ms] ReferenceError: renderAds is not defined
    at https://www.etnet.com.hk/www/tc/home/index.php:1751:6692
[    1950ms] [WARNING] Highcharts warning: Consider including the "accessibility.js" module to make your chart more usable for people with disabilities. Set the "accessibility.enabled" option to false to remove this warning. See https://www.highcharts.com/docs/accessibility/accessibility-module. @ https://www.etnet.com.hk/web_common/js/chart/highcharts.min.js:11
[    1950ms] ReferenceError: charts is not defined
    at https://www.etnet.com.hk/www/tc/home/index.php:1804:1
[    2048ms] ReferenceError: charts is not defined
    at https://www.etnet.com.hk/www/tc/home/index.php:1810:1
[    2062ms] ReferenceError: charts is not defined
    at https://www.etnet.com.hk/www/tc/home/index.php:1816:1
[    2102ms] [WARNING] Highcharts warning: Consider including the "accessibility.js" module to make your chart more usable for people with disabilities. Set the "accessibility.enabled" option to false to remove this warning. See https://www.highcharts.com/docs/accessibility/accessibility-module. @ https://www.etnet.com.hk/web_common/js/chart/highcharts.min.js:11
[    2130ms] [WARNING] Highcharts warning: Consider including the "accessibility.js" module to make your chart more usable for people with disabilities. Set the "accessibility.enabled" option to false to remove this warning. See https://www.highcharts.com/docs/accessibility/accessibility-module. @ https://www.etnet.com.hk/web_common/js/chart/highcharts.min.js:11
[    2152ms] [WARNING] Highcharts warning: Consider including the "accessibility.js" module to make your chart more usable for people with disabilities. Set the "accessibility.enabled" option to false to remove this warning. See https://www.highcharts.com/docs/accessibility/accessibility-module. @ https://www.etnet.com.hk/web_common/js/chart/highcharts.min.js:11
[    2235ms] [WARNING] Highcharts warning: Consider including the "accessibility.js" module to make your chart more usable for people with disabilities. Set the "accessibility.enabled" option to false to remove this warning. See https://www.highcharts.com/docs/accessibility/accessibility-module. @ https://www.etnet.com.hk/web_common/js/chart/highcharts.min.js:11
[    2257ms] [WARNING] Highcharts warning: Consider including the "accessibility.js" module to make your chart more usable for people with disabilities. Set the "accessibility.enabled" option to false to remove this warning. See https://www.highcharts.com/docs/accessibility/accessibility-module. @ https://www.etnet.com.hk/web_common/js/chart/highcharts.min.js:11
[    2273ms] [WARNING] Highcharts warning: Consider including the "accessibility.js" module to make your chart more usable for people with disabilities. Set the "accessibility.enabled" option to false to remove this warning. See https://www.highcharts.com/docs/accessibility/accessibility-module. @ https://www.etnet.com.hk/web_common/js/chart/highcharts.min.js:11
[    2289ms] [WARNING] Highcharts warning: Consider including the "accessibility.js" module to make your chart more usable for people with disabilities. Set the "accessibility.enabled" option to false to remove this warning. See https://www.highcharts.com/docs/accessibility/accessibility-module. @ https://www.etnet.com.hk/web_common/js/chart/highcharts.min.js:11
[    2300ms] [WARNING] Highcharts warning: Consider including the "accessibility.js" module to make your chart more usable for people with disabilities. Set the "accessibility.enabled" option to false to remove this warning. See https://www.highcharts.com/docs/accessibility/accessibility-module. @ https://www.etnet.com.hk/web_common/js/chart/highcharts.min.js:11
[    2314ms] [WARNING] Highcharts warning: Consider including the "accessibility.js" module to make your chart more usable for people with disabilities. Set the "accessibility.enabled" option to false to remove this warning. See https://www.highcharts.com/docs/accessibility/accessibility-module. @ https://www.etnet.com.hk/web_common/js/chart/highcharts.min.js:11
[    2325ms] [WARNING] Highcharts warning: Consider including the "accessibility.js" module to make your chart more usable for people with disabilities. Set the "accessibility.enabled" option to false to remove this warning. See https://www.highcharts.com/docs/accessibility/accessibility-module. @ https://www.etnet.com.hk/web_common/js/chart/highcharts.min.js:11
[    2336ms] [WARNING] Highcharts warning: Consider including the "accessibility.js" module to make your chart more usable for people with disabilities. Set the "accessibility.enabled" option to false to remove this warning. See https://www.highcharts.com/docs/accessibility/accessibility-module. @ https://www.etnet.com.hk/web_common/js/chart/highcharts.min.js:11
[    2348ms] [WARNING] Highcharts warning: Consider including the "accessibility.js" module to make your chart more usable for people with disabilities. Set the "accessibility.enabled" option to false to remove this warning. See https://www.highcharts.com/docs/accessibility/accessibility-module. @ https://www.etnet.com.hk/web_common/js/chart/highcharts.min.js:11
[    2359ms] [WARNING] Highcharts warning: Consider including the "accessibility.js" module to make your chart more usable for people with disabilities. Set the "accessibility.enabled" option to false to remove this warning. See https://www.highcharts.com/docs/accessibility/accessibility-module. @ https://www.etnet.com.hk/web_common/js/chart/highcharts.min.js:11
[    2383ms] [WARNING] Highcharts warning: Consider including the "accessibility.js" module to make your chart more usable for people with disabilities. Set the "accessibility.enabled" option to false to remove this warning. See https://www.highcharts.com/docs/accessibility/accessibility-module. @ https://www.etnet.com.hk/web_common/js/chart/highcharts.min.js:11
[    2399ms] [WARNING] Highcharts warning: Consider including the "accessibility.js" module to make your chart more usable for people with disabilities. Set the "accessibility.enabled" option to false to remove this warning. See https://www.highcharts.com/docs/accessibility/accessibility-module. @ https://www.etnet.com.hk/web_common/js/chart/highcharts.min.js:11
[    2411ms] [WARNING] Highcharts warning: Consider including the "accessibility.js" module to make your chart more usable for people with disabilities. Set the "accessibility.enabled" option to false to remove this warning. See https://www.highcharts.com/docs/accessibility/accessibility-module. @ https://www.etnet.com.hk/web_common/js/chart/highcharts.min.js:11
[    2441ms] [WARNING] Highcharts warning: Consider including the "accessibility.js" module to make your chart more usable for people with disabilities. Set the "accessibility.enabled" option to false to remove this warning. See https://www.highcharts.com/docs/accessibility/accessibility-module. @ https://www.etnet.com.hk/web_common/js/chart/highcharts.min.js:11
[    2475ms] [WARNING] Highcharts warning: Consider including the "accessibility.js" module to make your chart more usable for people with disabilities. Set the "accessibility.enabled" option to false to remove this warning. See https://www.highcharts.com/docs/accessibility/accessibility-module. @ https://www.etnet.com.hk/web_common/js/chart/highcharts.min.js:11
[    2534ms] [WARNING] Highcharts warning: Consider including the "accessibility.js" module to make your chart more usable for people with disabilities. Set the "accessibility.enabled" option to false to remove this warning. See https://www.highcharts.com/docs/accessibility/accessibility-module. @ https://www.etnet.com.hk/web_common/js/chart/highcharts.min.js:11
[    2536ms] [ERROR] Failed to load resource: the server responded with a status of 400 () @ https://cognito-identity.ap-east-1.amazonaws.com/:0
[    2539ms] ReferenceError: renderAds is not defined
    at https://www.etnet.com.hk/www/tc/home/index.php:1988:193
[    2539ms] ReferenceError: renderAds is not defined
    at https://www.etnet.com.hk/www/tc/home/index.php:1988:673
[    2539ms] ReferenceError: renderAds is not defined
    at https://www.etnet.com.hk/www/tc/home/index.php:1988:965
[    2553ms] [WARNING] Highcharts warning #33: www.highcharts.com/errors/33/?Invalid%20attribute%20in%20config=data-galabel
 - Invalid attribute in config: data-galabel @ https://www.etnet.com.hk/web_common/js/chart/highcharts.min.js:11
[    2577ms] ReferenceError: renderAds is not defined
    at https://www.etnet.com.hk/www/tc/home/index.php:2106:6789
[    2577ms] ReferenceError: renderAds is not defined
    at https://www.etnet.com.hk/www/tc/home/index.php:2106:7083
[    2578ms] ReferenceError: renderAds is not defined
    at https://www.etnet.com.hk/www/tc/home/index.php:2106:18451
[    2578ms] ReferenceError: renderAds is not defined
    at https://www.etnet.com.hk/www/tc/home/index.php:2106:18939
[    2578ms] ReferenceError: renderAds is not defined
    at https://www.etnet.com.hk/www/tc/home/index.php:2106:19272
[    2606ms] ReferenceError: renderAds is not defined
    at https://www.etnet.com.hk/www/tc/home/index.php:2179:7852
[    2606ms] ReferenceError: renderAds is not defined
    at https://www.etnet.com.hk/www/tc/home/index.php:2179:8196
[    2606ms] ReferenceError: renderAds is not defined
    at https://www.etnet.com.hk/www/tc/home/index.php:2179:8715
[    2607ms] ReferenceError: renderAds is not defined
    at https://www.etnet.com.hk/www/tc/home/index.php:2179:9047
[    2607ms] ReferenceError: renderAds is not defined
    at https://www.etnet.com.hk/www/tc/home/index.php:2179:9679
[    2666ms] ReferenceError: renderAds is not defined
    at https://www.etnet.com.hk/www/tc/home/index.php:5597:387
[    2666ms] ReferenceError: renderAds is not defined
    at https://www.etnet.com.hk/www/tc/home/index.php:5597:723
[    2712ms] ReferenceError: renderAds is not defined
    at https://www.etnet.com.hk/www/tc/home/index.php:5655:6959
[    2751ms] ReferenceError: renderAds is not defined
    at https://www.etnet.com.hk/www/tc/home/index.php:6100:8691
[    2752ms] ReferenceError: renderAds is not defined
    at https://www.etnet.com.hk/www/tc/home/index.php:6100:17774
[    2752ms] ReferenceError: renderAds is not defined
    at https://www.etnet.com.hk/www/tc/home/index.php:6100:18101
[    2757ms] ReferenceError: renderAds is not defined
    at https://www.etnet.com.hk/www/tc/home/index.php:6773:58
[    2757ms] ReferenceError: renderAds is not defined
    at https://www.etnet.com.hk/www/tc/home/index.php:6775:94
[    2757ms] ReferenceError: renderAds is not defined
    at https://www.etnet.com.hk/www/tc/home/index.php:6775:278
[    3037ms] [ERROR] Failed to load resource: net::ERR_CONNECTION_REFUSED @ https://anymind360.com/js/897/ats.js:0
[    3038ms] [ERROR] Failed to load resource: net::ERR_CONNECTION_REFUSED @ https://a.teads.tv/page/78630/tag:0
[    3340ms] [WARNING] adgb - not initialized. @ https://cdn.taboola.com/libtrc/hk-etnethk-web/loader.js:0
[    3448ms] [ERROR] Failed to load resource: net::ERR_CONNECTION_REFUSED @ https://analytics.google.com/g/collect?v=2&tid=G-N6M9V8FPB0&gtm=45je67t1v887117615z878010444za20gzb78010444zd78010444&_p=1785471519091&_gaz=1&gcd=13l3l3l3l1l1&npa=0&dma=0&_eu=AAAAAGA&are=1&cid=1627240343.1785471521&frm=0&pscdl=noapi&rcb=13&sr=800x600&uaa=x86&uab=64&uafvl=Not%253BA%253DBrand%3B8.0.0.0%7CChromium%3B150.0.7871.186%7CGoogle%2520Chrome%3B150.0.7871.186&uam=&uamb=0&uap=Linux&uapv=&uaw=0&ul=en-us&gaf=2&_s=1&tag_exp=115938465~115938469~118012007~118897920~118897930~119896803&sid=1785471520&sct=1&seg=0&dl=https%3A%2F%2Fwww.etnet.com.hk%2Fwww%2Ftc%2Fhome%2Findex.php&dt=etnet%20%E7%B6%93%E6%BF%9F%E9%80%9A%7C%E9%A6%99%E6%B8%AF%E6%96%B0%E8%81%9E%E8%B2%A1%E7%B6%93%E8%B3%87%E8%A8%8A%E5%92%8C%E7%94%9F%E6%B4%BB%E5%B9%B3%E5%8F%B0&en=page_view&_fv=1&_nsi=1&_ss=1&_c=1&tfd=3284:0
[    3449ms] [ERROR] Failed to load resource: net::ERR_CONNECTION_REFUSED @ https://stats.g.doubleclick.net/g/collect?v=2&tid=G-N6M9V8FPB0&cid=1627240343.1785471521&gtm=45je67t1v887117615z878010444za20gzb78010444zd78010444&rcb=13&aip=1&dma=0&gcd=13l3l3l3l1l1&npa=0&frm=0&tag_exp=115938465~115938469~118012007~118897920~118897930~119896803:0
[    3504ms] [ERROR] Failed to load resource: net::ERR_CONNECTION_REFUSED @ https://gum.criteo.com/sync?c=72&r=2&j=TRC.getRTUS:0
[    3504ms] [WARNING] Error during RTUS loading asset file:  {reason: script: //gum.criteo.com/sync?c=72&r=2&j=TRC.getRTUS, isInfo: true} @ https://cdn.taboola.com/libtrc/hk-etnethk-web/loader.js:0
[    3517ms] [ERROR] Failed to load resource: net::ERR_CONNECTION_REFUSED @ https://trc.taboola.com/hk-etnethk-web/trc/3/json?llvl=2&tim=12%3A18%3A40.890&lti=default&pubit=i&t=1&data=%7B%22id%22%3A%2257329%22%2C%22sd%22%3A%22%22%2C%22ui%22%3A%22%22%2C%22ii%22%3A%22_homepage_%22%2C%22it%22%3A%22home%22%2C%22vi%22%3A1785471520890%2C%22cv%22%3A%2220260730-9-RELEASE%22%2C%22uiv%22%3A%22default%22%2C%22u%22%3A%22https%3A%2F%2Fwww.etnet.com.hk%2Fwww%2Ftc%2Fhome%2Findex.php%22%2C%22qs%22%3A%22%22%2C%22bv%22%3A%220%22%2C%22btv%22%3A%220%22%2C%22ul%22%3A%5B%22en-US%22%2C%22en%22%5D%2C%22cos%22%3A%224g%22%2C%22bu%22%3A%22https%3A%2F%2Fwww.etnet.com.hk%2Fwww%2Ftc%2Fhome%2Findex.php%22%2C%22vpi%22%3A%22%2Fwww%2Ftc%2Fhome%2Findex.php%22%2C%22bad%22%3A-1%2C%22sw%22%3A800%2C%22sh%22%3A600%2C%22bw%22%3A780%2C%22bh%22%3A493%2C%22dw%22%3A780%2C%22dh%22%3A21475%2C%22sde%22%3A%221.000%22%2C%22lt%22%3A%22default%22%2C%22r%22%3A%5B%7B%22li%22%3A%22rbox-h2m%22%2C%22uip%22%3A%22HP%22%2C%22orig_uip%22%3A%22HP%22%2C%22s%22%3A4%2C%22uim%22%3A%22thumbnails-hp-pc-4x1%3Aabp%3D0%22%2C%22cd%22%3A2850.34%2C%22mw%22%3A733.22%7D%5D%2C%22uad%22%3A%7B%22mobile%22%3Afalse%2C%22model%22%3A%22%22%2C%22platform%22%3A%22Linux%22%2C%22platformVersion%22%3A%22%22%2C%22uaFullVersion%22%3A%22150.0.7871.186%22%7D%2C%22cacheKey%22%3A%22home%3D_homepage_%2CHP%3Dthumbnails-hp-pc-4x1%3Aabp%3D0%22%2C%22_cn%22%3A%22tions_1%22%2C%22lbt%22%3A1785406780935%2C%22wc%22%3Atrue%7D:0
[    3519ms] [ERROR] Failed to load resource: net::ERR_CONNECTION_REFUSED @ https://trc.taboola.com/hk-etnethk-web/trc/3/json?llvl=2&tim=12%3A18%3A40.890&lti=default&pubit=i&t=1&data=%7B%22id%22%3A%2257329%22%2C%22sd%22%3A%22%22%2C%22ui%22%3A%22%22%2C%22ii%22%3A%22_homepage_%22%2C%22it%22%3A%22home%22%2C%22vi%22%3A1785471520890%2C%22cv%22%3A%2220260730-9-RELEASE%22%2C%22uiv%22%3A%22default%22%2C%22u%22%3A%22https%3A%2F%2Fwww.etnet.com.hk%2Fwww%2Ftc%2Fhome%2Findex.php%22%2C%22qs%22%3A%22%22%2C%22bv%22%3A%220%22%2C%22btv%22%3A%220%22%2C%22ul%22%3A%5B%22en-US%22%2C%22en%22%5D%2C%22cos%22%3A%224g%22%2C%22bu%22%3A%22https%3A%2F%2Fwww.etnet.com.hk%2Fwww%2Ftc%2Fhome%2Findex.php%22%2C%22vpi%22%3A%22%2Fwww%2Ftc%2Fhome%2Findex.php%22%2C%22bad%22%3A-1%2C%22sw%22%3A800%2C%22sh%22%3A600%2C%22bw%22%3A780%2C%22bh%22%3A493%2C%22dw%22%3A780%2C%22dh%22%3A21475%2C%22sde%22%3A%221.000%22%2C%22lt%22%3A%22default%22%2C%22r%22%3A%5B%7B%22li%22%3A%22rbox-h2m%22%2C%22uip%22%3A%22HP%22%2C%22orig_uip%22%3A%22HP%22%2C%22s%22%3A4%2C%22uim%22%3A%22thumbnails-hp-pc-4x1%3Aabp%3D0%22%2C%22cd%22%3A2850.34%2C%22mw%22%3A733.22%7D%5D%2C%22uad%22%3A%7B%22mobile%22%3Afalse%2C%22model%22%3A%22%22%2C%22platform%22%3A%22Linux%22%2C%22platformVersion%22%3A%22%22%2C%22uaFullVersion%22%3A%22150.0.7871.186%22%7D%2C%22cacheKey%22%3A%22home%3D_homepage_%2CHP%3Dthumbnails-hp-pc-4x1%3Aabp%3D0%22%2C%22_cn%22%3A%22tions_1%22%2C%22lbt%22%3A1785406780935%2C%22wc%22%3Atrue%7D:0
[    3520ms] [ERROR] Failed to load resource: net::ERR_CONNECTION_REFUSED @ https://trc.taboola.com/hk-etnethk-web/trc/3/json?llvl=2&tim=12%3A18%3A40.890&lti=default&pubit=i&t=1&data=%7B%22id%22%3A%2257329%22%2C%22sd%22%3A%22%22%2C%22ui%22%3A%22%22%2C%22ii%22%3A%22_homepage_%22%2C%22it%22%3A%22home%22%2C%22vi%22%3A1785471520890%2C%22cv%22%3A%2220260730-9-RELEASE%22%2C%22uiv%22%3A%22default%22%2C%22u%22%3A%22https%3A%2F%2Fwww.etnet.com.hk%2Fwww%2Ftc%2Fhome%2Findex.php%22%2C%22qs%22%3A%22%22%2C%22bv%22%3A%220%22%2C%22btv%22%3A%220%22%2C%22ul%22%3A%5B%22en-US%22%2C%22en%22%5D%2C%22cos%22%3A%224g%22%2C%22bu%22%3A%22https%3A%2F%2Fwww.etnet.com.hk%2Fwww%2Ftc%2Fhome%2Findex.php%22%2C%22vpi%22%3A%22%2Fwww%2Ftc%2Fhome%2Findex.php%22%2C%22bad%22%3A-1%2C%22sw%22%3A800%2C%22sh%22%3A600%2C%22bw%22%3A780%2C%22bh%22%3A493%2C%22dw%22%3A780%2C%22dh%22%3A21475%2C%22sde%22%3A%221.000%22%2C%22lt%22%3A%22default%22%2C%22r%22%3A%5B%7B%22li%22%3A%22rbox-h2m%22%2C%22uip%22%3A%22HP%22%2C%22orig_uip%22%3A%22HP%22%2C%22s%22%3A4%2C%22uim%22%3A%22thumbnails-hp-pc-4x1%3Aabp%3D0%22%2C%22cd%22%3A2850.34%2C%22mw%22%3A733.22%7D%5D%2C%22uad%22%3A%7B%22mobile%22%3Afalse%2C%22model%22%3A%22%22%2C%22platform%22%3A%22Linux%22%2C%22platformVersion%22%3A%22%22%2C%22uaFullVersion%22%3A%22150.0.7871.186%22%7D%2C%22cacheKey%22%3A%22home%3D_homepage_%2CHP%3Dthumbnails-hp-pc-4x1%3Aabp%3D0%22%2C%22_cn%22%3A%22tions_1%22%2C%22lbt%22%3A1785406780935%2C%22wc%22%3Atrue%7D:0
[    3521ms] [ERROR] Failed to load resource: net::ERR_CONNECTION_REFUSED @ https://trc.taboola.com/hk-etnethk-web/trc/3/json?llvl=2&tim=12%3A18%3A40.890&lti=default&pubit=i&t=1&data=%7B%22id%22%3A%2257329%22%2C%22sd%22%3A%22%22%2C%22ui%22%3A%22%22%2C%22ii%22%3A%22_homepage_%22%2C%22it%22%3A%22home%22%2C%22vi%22%3A1785471520890%2C%22cv%22%3A%2220260730-9-RELEASE%22%2C%22uiv%22%3A%22default%22%2C%22u%22%3A%22https%3A%2F%2Fwww.etnet.com.hk%2Fwww%2Ftc%2Fhome%2Findex.php%22%2C%22qs%22%3A%22%22%2C%22bv%22%3A%220%22%2C%22btv%22%3A%220%22%2C%22ul%22%3A%5B%22en-US%22%2C%22en%22%5D%2C%22cos%22%3A%224g%22%2C%22bu%22%3A%22https%3A%2F%2Fwww.etnet.com.hk%2Fwww%2Ftc%2Fhome%2Findex.php%22%2C%22vpi%22%3A%22%2Fwww%2Ftc%2Fhome%2Findex.php%22%2C%22bad%22%3A-1%2C%22sw%22%3A800%2C%22sh%22%3A600%2C%22bw%22%3A780%2C%22bh%22%3A493%2C%22dw%22%3A780%2C%22dh%22%3A21475%2C%22sde%22%3A%221.000%22%2C%22lt%22%3A%22default%22%2C%22r%22%3A%5B%7B%22li%22%3A%22rbox-h2m%22%2C%22uip%22%3A%22HP%22%2C%22orig_uip%22%3A%22HP%22%2C%22s%22%3A4%2C%22uim%22%3A%22thumbnails-hp-pc-4x1%3Aabp%3D0%22%2C%22cd%22%3A2850.34%2C%22mw%22%3A733.22%7D%5D%2C%22uad%22%3A%7B%22mobile%22%3Afalse%2C%22model%22%3A%22%22%2C%22platform%22%3A%22Linux%22%2C%22platformVersion%22%3A%22%22%2C%22uaFullVersion%22%3A%22150.0.7871.186%22%7D%2C%22cacheKey%22%3A%22home%3D_homepage_%2CHP%3Dthumbnails-hp-pc-4x1%3Aabp%3D0%22%2C%22_cn%22%3A%22tions_1%22%2C%22lbt%22%3A1785406780935%2C%22wc%22%3Atrue%7D:0
[    3522ms] [ERROR] Failed to load resource: net::ERR_CONNECTION_REFUSED @ https://trc.taboola.com/hk-etnethk-web/trc/3/json?llvl=2&tim=12%3A18%3A40.890&lti=default&pubit=i&t=1&data=%7B%22id%22%3A%2257329%22%2C%22sd%22%3A%22%22%2C%22ui%22%3A%22%22%2C%22ii%22%3A%22_homepage_%22%2C%22it%22%3A%22home%22%2C%22vi%22%3A1785471520890%2C%22cv%22%3A%2220260730-9-RELEASE%22%2C%22uiv%22%3A%22default%22%2C%22u%22%3A%22https%3A%2F%2Fwww.etnet.com.hk%2Fwww%2Ftc%2Fhome%2Findex.php%22%2C%22qs%22%3A%22%22%2C%22bv%22%3A%220%22%2C%22btv%22%3A%220%22%2C%22ul%22%3A%5B%22en-US%22%2C%22en%22%5D%2C%22cos%22%3A%224g%22%2C%22bu%22%3A%22https%3A%2F%2Fwww.etnet.com.hk%2Fwww%2Ftc%2Fhome%2Findex.php%22%2C%22vpi%22%3A%22%2Fwww%2Ftc%2Fhome%2Findex.php%22%2C%22bad%22%3A-1%2C%22sw%22%3A800%2C%22sh%22%3A600%2C%22bw%22%3A780%2C%22bh%22%3A493%2C%22dw%22%3A780%2C%22dh%22%3A21475%2C%22sde%22%3A%221.000%22%2C%22lt%22%3A%22default%22%2C%22r%22%3A%5B%7B%22li%22%3A%22rbox-h2m%22%2C%22uip%22%3A%22HP%22%2C%22orig_uip%22%3A%22HP%22%2C%22s%22%3A4%2C%22uim%22%3A%22thumbnails-hp-pc-4x1%3Aabp%3D0%22%2C%22cd%22%3A2850.34%2C%22mw%22%3A733.22%7D%5D%2C%22uad%22%3A%7B%22mobile%22%3Afalse%2C%22model%22%3A%22%22%2C%22platform%22%3A%22Linux%22%2C%22platformVersion%22%3A%22%22%2C%22uaFullVersion%22%3A%22150.0.7871.186%22%7D%2C%22cacheKey%22%3A%22home%3D_homepage_%2CHP%3Dthumbnails-hp-pc-4x1%3Aabp%3D0%22%2C%22_cn%22%3A%22tions_1%22%2C%22lbt%22%3A1785406780935%2C%22wc%22%3Atrue%7D:0
[    3522ms] [WARNING] Failed last ajax network retry @ https://cdn.taboola.com/libtrc/hk-etnethk-web/loader.js:0
[    3523ms] [WARNING] Failed TRC JSON Error: {"reason":"networkFailed"} @ https://cdn.taboola.com/libtrc/hk-etnethk-web/loader.js:0
[    4083ms] [ERROR] Failed to load resource: net::ERR_CONNECTION_REFUSED @ https://px.ads.linkedin.com/attribution_trigger?pid=9648460&time=1785471521456&url=https%3A%2F%2Fwww.etnet.com.hk%2Fwww%2Ftc%2Fhome%2Findex.php:0
[    4083ms] [ERROR] Failed to load resource: net::ERR_CONNECTION_REFUSED @ https://px.ads.linkedin.com/collect?v=2&fmt=js&pid=9648460&time=1785471521456&li_adsId=4f2b13af-014d-4e4b-a07a-01326c9aa9c0&url=https%3A%2F%2Fwww.etnet.com.hk%2Fwww%2Ftc%2Fhome%2Findex.php:0
[    4097ms] [ERROR] Failed to load resource: net::ERR_CONNECTION_REFUSED @ https://px.ads.linkedin.com/attribution_trigger?pid=9648460&time=1785471521456&url=https%3A%2F%2Fwww.etnet.com.hk%2Fwww%2Ftc%2Fhome%2Findex.php:0
[    4110ms] [ERROR] Failed to load resource: net::ERR_CONNECTION_REFUSED @ https://px.ads.linkedin.com/wa/?medium=fetch&fmt=g:0
[    4122ms] [ERROR] Failed to load resource: net::ERR_CONNECTION_REFUSED @ https://px.ads.linkedin.com/insight_tag_errors.gif?v=2&pid=9648460&error=version%3A%20308%20%7C%20WebsiteActions-308-TypeError%3A%20Failed%20to%20fetch%3B%20ErrorData%3A%20%7B%22domain%22%3A%22etnet.com.hk%22%2C%22requestFetcher%22%3A%22fetch-keepalive%22%2C%22body%22%3A%22H4sIAAAAAAAAA03PT0sCQRgG8K8S73nW%2FeO6rnPzULLQIVK8RMTovrqDu%2BPkjFiYUKcggiAjqEPSJbolGVJ06NOo67cIk6LjwwM%2FnqcPkocK6F7Bc33Xs%2FYJqHqHS13FjuJtATRr%2BQQ0TxConfdzbt7OObbn2ATCdsK4AAqoBepMvZ1kohYQ6HZioBBpLRU1zf%2Bl2ev1TF03o3aCJhchHmVkJIGAZE2scB3jr7axmA7nX6Pl6f3J8ulu%2Fv4yvx2nZw%2Fp6%2BNiOkwn5%2Bnzxez6cnEzmr99zj4ms6sxEOhhTXGNZd4ULN7Fwy4qHYRAwXE8tHKha9jYYIZfsy2j4di%2B4YdZz6p5hRwyGwhwVekwoWKmMQTaYLFCAjHfYmsFVqHEmdDrkHBVB9oHqWplzTQCNdzBStnmooVhIIpS%2FjERJkBFN44JqJ99lWO5ertTLG0eVINyUIHBN%2FA9qaqNAQAA%22%7D&href=https%3A%2F%2Fwww.etnet.com.hk%2Fwww%2Ftc%2Fhome%2Findex.php:0
[    4123ms] [ERROR] Failed to load resource: net::ERR_CONNECTION_REFUSED @ https://px.ads.linkedin.com/wa/?medium=beacon&fmt=g:0
[    5856ms] [ERROR] Failed to load resource: net::ERR_CONNECTION_REFUSED @ https://www.google-analytics.com/g/collect?v=2&tid=G-X368LXK8FS&gtm=45je67u0h2v894249237za200zb78010444zd78010444&_p=1785471519091&gcd=13l3l3l3l1l1&npa=0&dma=0&_fid=cy_U3ShqC7Ki8RCvR2tGBJ&are=1&cid=1627240343.1785471521&frm=0&ngs=1&pscdl=noapi&rcb=17&sr=800x600&uaa=x86&uab=64&uafvl=Not%253BA%253DBrand%3B8.0.0.0%7CChromium%3B150.0.7871.186%7CGoogle%2520Chrome%3B150.0.7871.186&uam=&uamb=0&uap=Linux&uapv=&uaw=0&ul=en-us&_s=1&tag_exp=115938465~115938468~118395335~118897920~118897930~119896803&sid=1785471523&sct=1&seg=0&dl=https%3A%2F%2Fwww.etnet.com.hk%2Fwww%2Ftc%2Fhome%2Findex.php&dt=etnet%20%E7%B6%93%E6%BF%9F%E9%80%9A%7C%E9%A6%99%E6%B8%AF%E6%96%B0%E8%81%9E%E8%B2%A1%E7%B6%93%E8%B3%87%E8%A8%8A%E5%92%8C%E7%94%9F%E6%B4%BB%E5%B9%B3%E5%8F%B0&en=page_view&_fv=1&_ss=1&_ee=1&ep.origin=firebase&tfd=5693:0
[   11946ms] [ERROR] Failed to load resource: net::ERR_CONNECTION_REFUSED @ https://analytics.google.com/g/collect?v=2&tid=G-N6M9V8FPB0&gtm=45je67t1v887117615z878010444za20gzb78010444zd78010444&_p=1785471519091&gcd=13l3l3l3l1l1&npa=0&dma=0&_eu=AAAAAGQ&are=1&cid=1627240343.1785471521&frm=0&pscdl=noapi&rcb=13&sr=800x600&uaa=x86&uab=64&uafvl=Not%253BA%253DBrand%3B8.0.0.0%7CChromium%3B150.0.7871.186%7CGoogle%2520Chrome%3B150.0.7871.186&uam=&uamb=0&uap=Linux&uapv=&uaw=0&ul=en-us&gaf=2&_s=2&tag_exp=115938465~115938469~118012007~118897920~118897930~119896803&sid=1785471520&sct=1&seg=0&dl=https%3A%2F%2Fwww.etnet.com.hk%2Fwww%2Ftc%2Fhome%2Findex.php&dt=etnet%20%E7%B6%93%E6%BF%9F%E9%80%9A%7C%E9%A6%99%E6%B8%AF%E6%96%B0%E8%81%9E%E8%B2%A1%E7%B6%93%E8%B3%87%E8%A8%8A%E5%92%8C%E7%94%9F%E6%B4%BB%E5%B9%B3%E5%8F%B0&en=pop-up&ep.event_category=floating%7Cpanel&ep.event_label=tc%7Chome%7Cindex%23notification&ep.event_page_path=tc%7Chome%7Cindex&_et=3654&tfd=11941:0
[   14602ms] ReferenceError: renderAds is not defined
    at set_daily_ads (https://www.etnet.com.hk/www/tc/home/index.php:1708:6)
    at ee.slideChange (https://www.etnet.com.hk/www/tc/home/index.php:1698:53)
    at https://www.etnet.com.hk/web_common/js/swiper-bundle-11.0.5.min.js?v=20220218:13:8540
    at Array.forEach (<anonymous>)
    at https://www.etnet.com.hk/web_common/js/swiper-bundle-11.0.5.min.js?v=20220218:13:8525
    at Array.forEach (<anonymous>)
    at ee.emit (https://www.etnet.com.hk/web_common/js/swiper-bundle-11.0.5.min.js?v=20220218:13:8342)
    at ee.updateActiveIndex (https://www.etnet.com.hk/web_common/js/swiper-bundle-11.0.5.min.js?v=20220218:13:20675)
    at ee.slideTo (https://www.etnet.com.hk/web_common/js/swiper-bundle-11.0.5.min.js?v=20220218:13:25824)
    at ee.slideNext (https://www.etnet.com.hk/web_common/js/swiper-bundle-11.0.5.min.js?v=20220218:13:28170)
